Archive member included because of file (symbol)

f:/osamaa/embedded system/iti/embedded system/imt_sdk_win_64/winavr/bin/../lib/gcc/avr/4.3.3/avr5\libgcc.a(_mulsi3.o)
                              ./Timer_Service.o (__mulsi3)
f:/osamaa/embedded system/iti/embedded system/imt_sdk_win_64/winavr/bin/../lib/gcc/avr/4.3.3/avr5\libgcc.a(_udivmodqi4.o)
                              ./SSD.o (__udivmodqi4)
f:/osamaa/embedded system/iti/embedded system/imt_sdk_win_64/winavr/bin/../lib/gcc/avr/4.3.3/avr5\libgcc.a(_udivmodhi4.o)
                              ./Timer_Service.o (__udivmodhi4)
f:/osamaa/embedded system/iti/embedded system/imt_sdk_win_64/winavr/bin/../lib/gcc/avr/4.3.3/avr5\libgcc.a(_udivmodsi4.o)
                              ./Timer_Service.o (__udivmodsi4)
f:/osamaa/embedded system/iti/embedded system/imt_sdk_win_64/winavr/bin/../lib/gcc/avr/4.3.3/avr5\libgcc.a(_exit.o)
                              f:/osamaa/embedded system/iti/embedded system/imt_sdk_win_64/winavr/bin/../lib/gcc/avr/4.3.3/../../../../avr/lib/avr5/crtm32.o (exit)
f:/osamaa/embedded system/iti/embedded system/imt_sdk_win_64/winavr/bin/../lib/gcc/avr/4.3.3/avr5\libgcc.a(_copy_data.o)
                              ./DIO_Lcfg.o (__do_copy_data)
f:/osamaa/embedded system/iti/embedded system/imt_sdk_win_64/winavr/bin/../lib/gcc/avr/4.3.3/avr5\libgcc.a(_clear_bss.o)
                              ./SSD.o (__do_clear_bss)

Memory Configuration

Name             Origin             Length             Attributes
text             0x00000000         0x00020000         xr
data             0x00800060         0x0000ffa0         rw !x
eeprom           0x00810000         0x00010000         rw !x
fuse             0x00820000         0x00000400         rw !x
lock             0x00830000         0x00000400         rw !x
signature        0x00840000         0x00000400         rw !x
*default*        0x00000000         0xffffffff

Linker script and memory map

LOAD f:/osamaa/embedded system/iti/embedded system/imt_sdk_win_64/winavr/bin/../lib/gcc/avr/4.3.3/../../../../avr/lib/avr5/crtm32.o
LOAD ./DIO_Lcfg.o
LOAD ./DIO_Program.o
LOAD ./SSD.o
LOAD ./STTS_program.o
LOAD ./SW.o
LOAD ./TIME.o
LOAD ./TIMER_Program.o
LOAD ./Timer_Service.o
LOAD ./main.o
LOAD f:/osamaa/embedded system/iti/embedded system/imt_sdk_win_64/winavr/bin/../lib/gcc/avr/4.3.3/avr5\libgcc.a
LOAD f:/osamaa/embedded system/iti/embedded system/imt_sdk_win_64/winavr/bin/../lib/gcc/avr/4.3.3/../../../../avr/lib/avr5\libc.a
LOAD f:/osamaa/embedded system/iti/embedded system/imt_sdk_win_64/winavr/bin/../lib/gcc/avr/4.3.3/avr5\libgcc.a

.hash
 *(.hash)

.dynsym
 *(.dynsym)

.dynstr
 *(.dynstr)

.gnu.version
 *(.gnu.version)

.gnu.version_d
 *(.gnu.version_d)

.gnu.version_r
 *(.gnu.version_r)

.rel.init
 *(.rel.init)

.rela.init
 *(.rela.init)

.rel.text
 *(.rel.text)
 *(.rel.text.*)
 *(.rel.gnu.linkonce.t*)

.rela.text
 *(.rela.text)
 *(.rela.text.*)
 *(.rela.gnu.linkonce.t*)

.rel.fini
 *(.rel.fini)

.rela.fini
 *(.rela.fini)

.rel.rodata
 *(.rel.rodata)
 *(.rel.rodata.*)
 *(.rel.gnu.linkonce.r*)

.rela.rodata
 *(.rela.rodata)
 *(.rela.rodata.*)
 *(.rela.gnu.linkonce.r*)

.rel.data
 *(.rel.data)
 *(.rel.data.*)
 *(.rel.gnu.linkonce.d*)

.rela.data
 *(.rela.data)
 *(.rela.data.*)
 *(.rela.gnu.linkonce.d*)

.rel.ctors
 *(.rel.ctors)

.rela.ctors
 *(.rela.ctors)

.rel.dtors
 *(.rel.dtors)

.rela.dtors
 *(.rela.dtors)

.rel.got
 *(.rel.got)

.rela.got
 *(.rela.got)

.rel.bss
 *(.rel.bss)

.rela.bss
 *(.rela.bss)

.rel.plt
 *(.rel.plt)

.rela.plt
 *(.rela.plt)

.text           0x00000000     0x2660
 *(.vectors)
 .vectors       0x00000000       0x54 f:/osamaa/embedded system/iti/embedded system/imt_sdk_win_64/winavr/bin/../lib/gcc/avr/4.3.3/../../../../avr/lib/avr5/crtm32.o
                0x00000000                __vectors
                0x00000000                __vector_default
 *(.vectors)
 *(.progmem.gcc*)
 *(.progmem*)
                0x00000054                . = ALIGN (0x2)
                0x00000054                __trampolines_start = .
 *(.trampolines)
 .trampolines   0x00000054        0x0 linker stubs
 *(.trampolines*)
                0x00000054                __trampolines_end = .
 *(.jumptables)
 *(.jumptables*)
 *(.lowtext)
 *(.lowtext*)
                0x00000054                __ctors_start = .
 *(.ctors)
                0x00000054                __ctors_end = .
                0x00000054                __dtors_start = .
 *(.dtors)
                0x00000054                __dtors_end = .
 SORT(*)(.ctors)
 SORT(*)(.dtors)
 *(.init0)
 .init0         0x00000054        0x0 f:/osamaa/embedded system/iti/embedded system/imt_sdk_win_64/winavr/bin/../lib/gcc/avr/4.3.3/../../../../avr/lib/avr5/crtm32.o
                0x00000054                __init
 *(.init0)
 *(.init1)
 *(.init1)
 *(.init2)
 .init2         0x00000054        0xc f:/osamaa/embedded system/iti/embedded system/imt_sdk_win_64/winavr/bin/../lib/gcc/avr/4.3.3/../../../../avr/lib/avr5/crtm32.o
 *(.init2)
 *(.init3)
 *(.init3)
 *(.init4)
 .init4         0x00000060       0x16 f:/osamaa/embedded system/iti/embedded system/imt_sdk_win_64/winavr/bin/../lib/gcc/avr/4.3.3/avr5\libgcc.a(_copy_data.o)
                0x00000060                __do_copy_data
 .init4         0x00000076       0x10 f:/osamaa/embedded system/iti/embedded system/imt_sdk_win_64/winavr/bin/../lib/gcc/avr/4.3.3/avr5\libgcc.a(_clear_bss.o)
                0x00000076                __do_clear_bss
 *(.init4)
 *(.init5)
 *(.init5)
 *(.init6)
 *(.init6)
 *(.init7)
 *(.init7)
 *(.init8)
 *(.init8)
 *(.init9)
 .init9         0x00000086        0x8 f:/osamaa/embedded system/iti/embedded system/imt_sdk_win_64/winavr/bin/../lib/gcc/avr/4.3.3/../../../../avr/lib/avr5/crtm32.o
 *(.init9)
 *(.text)
 .text          0x0000008e        0x4 f:/osamaa/embedded system/iti/embedded system/imt_sdk_win_64/winavr/bin/../lib/gcc/avr/4.3.3/../../../../avr/lib/avr5/crtm32.o
                0x0000008e                __vector_1
                0x0000008e                __vector_12
                0x0000008e                __bad_interrupt
                0x0000008e                __vector_3
                0x0000008e                __vector_13
                0x0000008e                __vector_17
                0x0000008e                __vector_19
                0x0000008e                __vector_5
                0x0000008e                __vector_4
                0x0000008e                __vector_2
                0x0000008e                __vector_15
                0x0000008e                __vector_14
                0x0000008e                __vector_16
                0x0000008e                __vector_18
                0x0000008e                __vector_20
 .text          0x00000092        0x0 ./DIO_Lcfg.o
 .text          0x00000092        0x0 ./DIO_Program.o
 .text          0x00000092        0x0 ./SSD.o
 .text          0x00000092        0x0 ./STTS_program.o
 .text          0x00000092        0x0 ./SW.o
 .text          0x00000092        0x0 ./TIME.o
 .text          0x00000092        0x0 ./TIMER_Program.o
 .text          0x00000092        0x0 ./Timer_Service.o
 .text          0x00000092        0x0 ./main.o
 .text          0x00000092        0x0 f:/osamaa/embedded system/iti/embedded system/imt_sdk_win_64/winavr/bin/../lib/gcc/avr/4.3.3/avr5\libgcc.a(_mulsi3.o)
 .text          0x00000092        0x0 f:/osamaa/embedded system/iti/embedded system/imt_sdk_win_64/winavr/bin/../lib/gcc/avr/4.3.3/avr5\libgcc.a(_udivmodqi4.o)
 .text          0x00000092        0x0 f:/osamaa/embedded system/iti/embedded system/imt_sdk_win_64/winavr/bin/../lib/gcc/avr/4.3.3/avr5\libgcc.a(_udivmodhi4.o)
 .text          0x00000092        0x0 f:/osamaa/embedded system/iti/embedded system/imt_sdk_win_64/winavr/bin/../lib/gcc/avr/4.3.3/avr5\libgcc.a(_udivmodsi4.o)
 .text          0x00000092        0x0 f:/osamaa/embedded system/iti/embedded system/imt_sdk_win_64/winavr/bin/../lib/gcc/avr/4.3.3/avr5\libgcc.a(_exit.o)
 .text          0x00000092        0x0 f:/osamaa/embedded system/iti/embedded system/imt_sdk_win_64/winavr/bin/../lib/gcc/avr/4.3.3/avr5\libgcc.a(_copy_data.o)
 .text          0x00000092        0x0 f:/osamaa/embedded system/iti/embedded system/imt_sdk_win_64/winavr/bin/../lib/gcc/avr/4.3.3/avr5\libgcc.a(_clear_bss.o)
                0x00000092                . = ALIGN (0x2)
 *(.text.*)
 .text.DIO_InitPin
                0x00000092      0x4e0 ./DIO_Program.o
 .text.DIO_Init
                0x00000572       0x38 ./DIO_Program.o
                0x00000572                DIO_Init
 .text.DIO_WritePin
                0x000005aa      0x20e ./DIO_Program.o
                0x000005aa                DIO_WritePin
 .text.DIO_ReadPin
                0x000007b8      0x104 ./DIO_Program.o
                0x000007b8                DIO_ReadPin
 .text.DIO_TogglePin
                0x000008bc      0x10c ./DIO_Program.o
                0x000008bc                DIO_TogglePin
 .text.DIO_WritePort
                0x000009c8       0x82 ./DIO_Program.o
                0x000009c8                DIO_WritePort
 .text.DIO_WriteBitsInPort
                0x00000a4a      0x10a ./DIO_Program.o
                0x00000a4a                DIO_WriteBitsInPort
 .text.DIO_higher_nibble_Value
                0x00000b54       0xe2 ./DIO_Program.o
                0x00000b54                DIO_higher_nibble_Value
 .text.DIO_lower_nibble_value
                0x00000c36       0xe0 ./DIO_Program.o
                0x00000c36                DIO_lower_nibble_value
 .text.SSD_Update
                0x00000d16       0x16 ./SSD.o
                0x00000d16                SSD_Update
 .text.On       0x00000d2c       0xa6 ./SSD.o
 .text.Off      0x00000dd2       0xa6 ./SSD.o
 .text.Update_Symbol
                0x00000e78       0x58 ./SSD.o
 .text.Refesh   0x00000ed0      0x148 ./SSD.o
 .text.Update_Mode
                0x00001018       0x6e ./SSD.o
 .text.Scheduler
                0x00001086      0x14e ./STTS_program.o
 .text.STTS_voidStart
                0x000011d4       0x2c ./STTS_program.o
                0x000011d4                STTS_voidStart
 .text.STTS_u8CreateTask
                0x00001200      0x104 ./STTS_program.o
                0x00001200                STTS_u8CreateTask
 .text.STTS_voidSuspendTask
                0x00001304       0x36 ./STTS_program.o
                0x00001304                STTS_voidSuspendTask
 .text.STTS_voidResumeTask
                0x0000133a       0x36 ./STTS_program.o
                0x0000133a                STTS_voidResumeTask
 .text.STTS_voidDeleteTask
                0x00001370       0x36 ./STTS_program.o
                0x00001370                STTS_voidDeleteTask
 .text.Read     0x000013a6      0x138 ./SW.o
 .text.SW_Update
                0x000014de       0x34 ./SW.o
                0x000014de                SW_Update
 .text.TIME_Update
                0x00001512       0x16 ./TIME.o
                0x00001512                TIME_Update
 .text.Auto_Update
                0x00001528       0x6e ./TIME.o
 .text.Manual_Update
                0x00001596       0xac ./TIME.o
 .text.Timer0_Init
                0x00001642      0x1b2 ./TIMER_Program.o
                0x00001642                Timer0_Init
 .text.Timer0_OV_InterruptEnable
                0x000017f4       0x1c ./TIMER_Program.o
                0x000017f4                Timer0_OV_InterruptEnable
 .text.Timer0_OV_InterruptDisable
                0x00001810       0x1c ./TIMER_Program.o
                0x00001810                Timer0_OV_InterruptDisable
 .text.Timer0_OC_InterruptEnable
                0x0000182c       0x1c ./TIMER_Program.o
                0x0000182c                Timer0_OC_InterruptEnable
 .text.Timer0_OC_InterruptDisable
                0x00001848       0x1c ./TIMER_Program.o
                0x00001848                Timer0_OC_InterruptDisable
 .text.Timer0_OVF_SetCallBack
                0x00001864       0x24 ./TIMER_Program.o
                0x00001864                Timer0_OVF_SetCallBack
 .text.Timer0_Oc_SetCallBack
                0x00001888       0x24 ./TIMER_Program.o
                0x00001888                Timer0_Oc_SetCallBack
 .text.__vector_11
                0x000018ac       0x66 ./TIMER_Program.o
                0x000018ac                __vector_11
 .text.__vector_10
                0x00001912       0x66 ./TIMER_Program.o
                0x00001912                __vector_10
 .text.Timer1_Init
                0x00001978      0x3ae ./TIMER_Program.o
                0x00001978                Timer1_Init
 .text.Timer1_InputCaptureEdge
                0x00001d26       0x3e ./TIMER_Program.o
                0x00001d26                Timer1_InputCaptureEdge
 .text.Timer1_WriteToTCNT1
                0x00001d64       0x24 ./TIMER_Program.o
                0x00001d64                Timer1_WriteToTCNT1
 .text.Timer1_ReadTCNT1
                0x00001d88       0x16 ./TIMER_Program.o
                0x00001d88                Timer1_ReadTCNT1
 .text.Timer1_ICU_InterruptEnable
                0x00001d9e       0x1c ./TIMER_Program.o
                0x00001d9e                Timer1_ICU_InterruptEnable
 .text.Timer1_ICU_InterruptDisable
                0x00001dba       0x1c ./TIMER_Program.o
                0x00001dba                Timer1_ICU_InterruptDisable
 .text.Timer1_OVF_InterruptEnable
                0x00001dd6       0x1c ./TIMER_Program.o
                0x00001dd6                Timer1_OVF_InterruptEnable
 .text.Timer1_OVF_InterruptDisable
                0x00001df2       0x1c ./TIMER_Program.o
                0x00001df2                Timer1_OVF_InterruptDisable
 .text.Timer1_OCA_InterruptEnable
                0x00001e0e       0x1c ./TIMER_Program.o
                0x00001e0e                Timer1_OCA_InterruptEnable
 .text.Timer1_OCA_InterruptDisable
                0x00001e2a       0x1c ./TIMER_Program.o
                0x00001e2a                Timer1_OCA_InterruptDisable
 .text.Timer1_OCB_InterruptEnable
                0x00001e46       0x1c ./TIMER_Program.o
                0x00001e46                Timer1_OCB_InterruptEnable
 .text.Timer1_OCB_InterruptDisable
                0x00001e62       0x1c ./TIMER_Program.o
                0x00001e62                Timer1_OCB_InterruptDisable
 .text.Timer1_OVF_SetCallBack
                0x00001e7e       0x24 ./TIMER_Program.o
                0x00001e7e                Timer1_OVF_SetCallBack
 .text.Timer1_OCA_SetCallBack
                0x00001ea2       0x24 ./TIMER_Program.o
                0x00001ea2                Timer1_OCA_SetCallBack
 .text.Timer1_OCB_SetCallBack
                0x00001ec6       0x24 ./TIMER_Program.o
                0x00001ec6                Timer1_OCB_SetCallBack
 .text.Timer1_ICU_SetCallBack
                0x00001eea       0x24 ./TIMER_Program.o
                0x00001eea                Timer1_ICU_SetCallBack
 .text.__vector_9
                0x00001f0e       0x66 ./TIMER_Program.o
                0x00001f0e                __vector_9
 .text.__vector_7
                0x00001f74       0x66 ./TIMER_Program.o
                0x00001f74                __vector_7
 .text.__vector_8
                0x00001fda       0x66 ./TIMER_Program.o
                0x00001fda                __vector_8
 .text.__vector_6
                0x00002040       0x66 ./TIMER_Program.o
                0x00002040                __vector_6
 .text.PWM_Init
                0x000020a6       0x1a ./Timer_Service.o
                0x000020a6                PWM_Init
 .text.PWM_Freq_KHZ
                0x000020c0       0x5a ./Timer_Service.o
                0x000020c0                PWM_Freq_KHZ
 .text.PWM_Freq_HZ
                0x0000211a       0x68 ./Timer_Service.o
                0x0000211a                PWM_Freq_HZ
 .text.PWM_Duty
                0x00002182       0x98 ./Timer_Service.o
                0x00002182                PWM_Duty
 .text.Func_ICU
                0x0000221a       0x7c ./Timer_Service.o
 .text.Func_OVF
                0x00002296       0x20 ./Timer_Service.o
 .text.PWM_Measure
                0x000022b6      0x178 ./Timer_Service.o
                0x000022b6                PWM_Measure
 .text.Timer1_SetInterruptTime_ms
                0x0000242e       0xbe ./Timer_Service.o
                0x0000242e                Timer1_SetInterruptTime_ms
 .text.Timer1_SetInterruptTime_us
                0x000024ec       0x48 ./Timer_Service.o
                0x000024ec                Timer1_SetInterruptTime_us
 .text.sEos_ISR
                0x00002534       0x38 ./main.o
                0x00002534                sEos_ISR
 .text.main     0x0000256c       0x2e ./main.o
                0x0000256c                main
 .text.libgcc   0x0000259a       0x3e f:/osamaa/embedded system/iti/embedded system/imt_sdk_win_64/winavr/bin/../lib/gcc/avr/4.3.3/avr5\libgcc.a(_mulsi3.o)
                0x0000259a                __mulsi3
 .text.libgcc   0x000025d8       0x18 f:/osamaa/embedded system/iti/embedded system/imt_sdk_win_64/winavr/bin/../lib/gcc/avr/4.3.3/avr5\libgcc.a(_udivmodqi4.o)
                0x000025d8                __udivmodqi4
 .text.libgcc   0x000025f0       0x28 f:/osamaa/embedded system/iti/embedded system/imt_sdk_win_64/winavr/bin/../lib/gcc/avr/4.3.3/avr5\libgcc.a(_udivmodhi4.o)
                0x000025f0                __udivmodhi4
 .text.libgcc   0x00002618       0x44 f:/osamaa/embedded system/iti/embedded system/imt_sdk_win_64/winavr/bin/../lib/gcc/avr/4.3.3/avr5\libgcc.a(_udivmodsi4.o)
                0x00002618                __udivmodsi4
 .text.libgcc   0x0000265c        0x0 f:/osamaa/embedded system/iti/embedded system/imt_sdk_win_64/winavr/bin/../lib/gcc/avr/4.3.3/avr5\libgcc.a(_exit.o)
 .text.libgcc   0x0000265c        0x0 f:/osamaa/embedded system/iti/embedded system/imt_sdk_win_64/winavr/bin/../lib/gcc/avr/4.3.3/avr5\libgcc.a(_copy_data.o)
 .text.libgcc   0x0000265c        0x0 f:/osamaa/embedded system/iti/embedded system/imt_sdk_win_64/winavr/bin/../lib/gcc/avr/4.3.3/avr5\libgcc.a(_clear_bss.o)
                0x0000265c                . = ALIGN (0x2)
 *(.fini9)
 .fini9         0x0000265c        0x0 f:/osamaa/embedded system/iti/embedded system/imt_sdk_win_64/winavr/bin/../lib/gcc/avr/4.3.3/avr5\libgcc.a(_exit.o)
                0x0000265c                exit
                0x0000265c                _exit
 *(.fini9)
 *(.fini8)
 *(.fini8)
 *(.fini7)
 *(.fini7)
 *(.fini6)
 *(.fini6)
 *(.fini5)
 *(.fini5)
 *(.fini4)
 *(.fini4)
 *(.fini3)
 *(.fini3)
 *(.fini2)
 *(.fini2)
 *(.fini1)
 *(.fini1)
 *(.fini0)
 .fini0         0x0000265c        0x4 f:/osamaa/embedded system/iti/embedded system/imt_sdk_win_64/winavr/bin/../lib/gcc/avr/4.3.3/avr5\libgcc.a(_exit.o)
 *(.fini0)
                0x00002660                _etext = .

.data           0x00800060       0x28 load address 0x00002660
                0x00800060                PROVIDE (__data_start, .)
 *(.data)
 .data          0x00800060        0x0 f:/osamaa/embedded system/iti/embedded system/imt_sdk_win_64/winavr/bin/../lib/gcc/avr/4.3.3/../../../../avr/lib/avr5/crtm32.o
 .data          0x00800060        0x0 ./DIO_Lcfg.o
 .data          0x00800060        0x0 ./DIO_Program.o
 .data          0x00800060        0x0 ./SSD.o
 .data          0x00800060        0x0 ./STTS_program.o
 .data          0x00800060        0x0 ./SW.o
 .data          0x00800060        0x0 ./TIME.o
 .data          0x00800060        0x0 ./TIMER_Program.o
 .data          0x00800060        0x0 ./Timer_Service.o
 .data          0x00800060        0x0 ./main.o
 .data          0x00800060        0x0 f:/osamaa/embedded system/iti/embedded system/imt_sdk_win_64/winavr/bin/../lib/gcc/avr/4.3.3/avr5\libgcc.a(_mulsi3.o)
 .data          0x00800060        0x0 f:/osamaa/embedded system/iti/embedded system/imt_sdk_win_64/winavr/bin/../lib/gcc/avr/4.3.3/avr5\libgcc.a(_udivmodqi4.o)
 .data          0x00800060        0x0 f:/osamaa/embedded system/iti/embedded system/imt_sdk_win_64/winavr/bin/../lib/gcc/avr/4.3.3/avr5\libgcc.a(_udivmodhi4.o)
 .data          0x00800060        0x0 f:/osamaa/embedded system/iti/embedded system/imt_sdk_win_64/winavr/bin/../lib/gcc/avr/4.3.3/avr5\libgcc.a(_udivmodsi4.o)
 .data          0x00800060        0x0 f:/osamaa/embedded system/iti/embedded system/imt_sdk_win_64/winavr/bin/../lib/gcc/avr/4.3.3/avr5\libgcc.a(_exit.o)
 .data          0x00800060        0x0 f:/osamaa/embedded system/iti/embedded system/imt_sdk_win_64/winavr/bin/../lib/gcc/avr/4.3.3/avr5\libgcc.a(_copy_data.o)
 .data          0x00800060        0x0 f:/osamaa/embedded system/iti/embedded system/imt_sdk_win_64/winavr/bin/../lib/gcc/avr/4.3.3/avr5\libgcc.a(_clear_bss.o)
 *(.data*)
 .data.SW_g     0x00800060        0x6 ./SW.o
                0x00800060                SW_g
 .data.Period.1324
                0x00800066        0x1 ./TIME.o
 *(.rodata)
 *(.rodata*)
 .rodata.PinsStatusArray
                0x00800067       0x20 ./DIO_Lcfg.o
                0x00800067                PinsStatusArray
 *(.gnu.linkonce.d*)
                0x00800088                . = ALIGN (0x2)
 *fill*         0x00800087        0x1 00
                0x00800088                _edata = .
                0x00800088                PROVIDE (__data_end, .)

.bss            0x00800088       0x30
                0x00800088                PROVIDE (__bss_start, .)
 *(.bss)
 .bss           0x00800088        0x0 f:/osamaa/embedded system/iti/embedded system/imt_sdk_win_64/winavr/bin/../lib/gcc/avr/4.3.3/../../../../avr/lib/avr5/crtm32.o
 .bss           0x00800088        0x0 ./DIO_Lcfg.o
 .bss           0x00800088        0x0 ./DIO_Program.o
 .bss           0x00800088        0x0 ./SSD.o
 .bss           0x00800088        0x0 ./STTS_program.o
 .bss           0x00800088        0x0 ./SW.o
 .bss           0x00800088        0x0 ./TIME.o
 .bss           0x00800088        0x0 ./TIMER_Program.o
 .bss           0x00800088        0x0 ./Timer_Service.o
 .bss           0x00800088        0x0 ./main.o
 .bss           0x00800088        0x0 f:/osamaa/embedded system/iti/embedded system/imt_sdk_win_64/winavr/bin/../lib/gcc/avr/4.3.3/avr5\libgcc.a(_mulsi3.o)
 .bss           0x00800088        0x0 f:/osamaa/embedded system/iti/embedded system/imt_sdk_win_64/winavr/bin/../lib/gcc/avr/4.3.3/avr5\libgcc.a(_udivmodqi4.o)
 .bss           0x00800088        0x0 f:/osamaa/embedded system/iti/embedded system/imt_sdk_win_64/winavr/bin/../lib/gcc/avr/4.3.3/avr5\libgcc.a(_udivmodhi4.o)
 .bss           0x00800088        0x0 f:/osamaa/embedded system/iti/embedded system/imt_sdk_win_64/winavr/bin/../lib/gcc/avr/4.3.3/avr5\libgcc.a(_udivmodsi4.o)
 .bss           0x00800088        0x0 f:/osamaa/embedded system/iti/embedded system/imt_sdk_win_64/winavr/bin/../lib/gcc/avr/4.3.3/avr5\libgcc.a(_exit.o)
 .bss           0x00800088        0x0 f:/osamaa/embedded system/iti/embedded system/imt_sdk_win_64/winavr/bin/../lib/gcc/avr/4.3.3/avr5\libgcc.a(_copy_data.o)
 .bss           0x00800088        0x0 f:/osamaa/embedded system/iti/embedded system/imt_sdk_win_64/winavr/bin/../lib/gcc/avr/4.3.3/avr5\libgcc.a(_clear_bss.o)
 *(.bss*)
 .bss.SSD_Mode_g
                0x00800088        0x1 ./SSD.o
                0x00800088                SSD_Mode_g
 .bss.SSD_Id    0x00800089        0x1 ./SSD.o
 .bss.SystemTasks
                0x0080008a       0x15 ./STTS_program.o
 .bss.Hours     0x0080009f        0x1 ./TIME.o
                0x0080009f                Hours
 .bss.Minutes   0x008000a0        0x1 ./TIME.o
                0x008000a0                Minutes
 .bss.Seconds   0x008000a1        0x1 ./TIME.o
                0x008000a1                Seconds
 .bss.Timer1_OVF_Fptr
                0x008000a2        0x2 ./TIMER_Program.o
 .bss.Timer1_OCA_Fptr
                0x008000a4        0x2 ./TIMER_Program.o
 .bss.Timer1_OCB_Fptr
                0x008000a6        0x2 ./TIMER_Program.o
 .bss.Timer1_ICU_Fptr
                0x008000a8        0x2 ./TIMER_Program.o
 .bss.Timer0_OVF_Fptr
                0x008000aa        0x2 ./TIMER_Program.o
 .bss.Timer0_OC_Fptr
                0x008000ac        0x2 ./TIMER_Program.o
 .bss.flag      0x008000ae        0x1 ./Timer_Service.o
 .bss.c         0x008000af        0x2 ./Timer_Service.o
 .bss.t1        0x008000b1        0x2 ./Timer_Service.o
 .bss.t2        0x008000b3        0x2 ./Timer_Service.o
 .bss.t3        0x008000b5        0x2 ./Timer_Service.o
 .bss.i.1356    0x008000b7        0x1 ./main.o
 *(COMMON)
                0x008000b8                PROVIDE (__bss_end, .)
                0x00002660                __data_load_start = LOADADDR (.data)
                0x00002688                __data_load_end = (__data_load_start + SIZEOF (.data))

.noinit         0x008000b8        0x0
                0x008000b8                PROVIDE (__noinit_start, .)
 *(.noinit*)
                0x008000b8                PROVIDE (__noinit_end, .)
                0x008000b8                _end = .
                0x008000b8                PROVIDE (__heap_start, .)

.eeprom         0x00810000        0x0
 *(.eeprom*)
                0x00810000                __eeprom_end = .

.fuse
 *(.fuse)
 *(.lfuse)
 *(.hfuse)
 *(.efuse)

.lock
 *(.lock*)

.signature
 *(.signature*)

.stab           0x00000000     0x2c7c
 *(.stab)
 .stab          0x00000000      0x1f8 ./DIO_Lcfg.o
 .stab          0x000001f8      0x864 ./DIO_Program.o
                                0x960 (size before relaxing)
 .stab          0x00000a5c      0x570 ./SSD.o
                                0x66c (size before relaxing)
 .stab          0x00000fcc      0x39c ./STTS_program.o
                                0x42c (size before relaxing)
 .stab          0x00001368      0x24c ./SW.o
                                0x33c (size before relaxing)
 .stab          0x000015b4      0x30c ./TIME.o
                                0x4ec (size before relaxing)
 .stab          0x000018c0      0xbb8 ./TIMER_Program.o
                                0xc48 (size before relaxing)
 .stab          0x00002478      0x5e8 ./Timer_Service.o
                                0x744 (size before relaxing)
 .stab          0x00002a60      0x21c ./main.o
                                0x3fc (size before relaxing)

.stabstr        0x00000000     0x19ea
 *(.stabstr)
 .stabstr       0x00000000     0x19ea ./DIO_Lcfg.o

.stab.excl
 *(.stab.excl)

.stab.exclstr
 *(.stab.exclstr)

.stab.index
 *(.stab.index)

.stab.indexstr
 *(.stab.indexstr)

.comment
 *(.comment)

.debug
 *(.debug)

.line
 *(.line)

.debug_srcinfo
 *(.debug_srcinfo)

.debug_sfnames
 *(.debug_sfnames)

.debug_aranges
 *(.debug_aranges)

.debug_pubnames
 *(.debug_pubnames)

.debug_info
 *(.debug_info)
 *(.gnu.linkonce.wi.*)

.debug_abbrev
 *(.debug_abbrev)

.debug_line
 *(.debug_line)

.debug_frame
 *(.debug_frame)

.debug_str
 *(.debug_str)

.debug_loc
 *(.debug_loc)

.debug_macinfo
 *(.debug_macinfo)
OUTPUT(Digital_Clock.elf elf32-avr)
LOAD linker stubs
