Archive member included to satisfy reference by file (symbol)

f:/programs2/7.0/toolchain/avr8/avr8-gnu-toolchain/bin/../lib/gcc/avr/5.4.0/avr5\libgcc.a(_divmodsi4.o)
                              FreeRTOS/src/integer.o (__divmodsi4)
f:/programs2/7.0/toolchain/avr8/avr8-gnu-toolchain/bin/../lib/gcc/avr/5.4.0/avr5\libgcc.a(_negsi2.o)
                              f:/programs2/7.0/toolchain/avr8/avr8-gnu-toolchain/bin/../lib/gcc/avr/5.4.0/avr5\libgcc.a(_divmodsi4.o) (__negsi2)
f:/programs2/7.0/toolchain/avr8/avr8-gnu-toolchain/bin/../lib/gcc/avr/5.4.0/avr5\libgcc.a(_exit.o)
                              F:/Programs2/7.0/Packs/atmel/ATmega_DFP/1.6.364/gcc/dev/atmega32/avr5/crtatmega32.o (exit)
f:/programs2/7.0/toolchain/avr8/avr8-gnu-toolchain/bin/../lib/gcc/avr/5.4.0/avr5\libgcc.a(_copy_data.o)
                              FreeRTOS/src/integer.o (__do_copy_data)
f:/programs2/7.0/toolchain/avr8/avr8-gnu-toolchain/bin/../lib/gcc/avr/5.4.0/avr5\libgcc.a(_clear_bss.o)
                              FreeRTOS/src/croutine.o (__do_clear_bss)
f:/programs2/7.0/toolchain/avr8/avr8-gnu-toolchain/bin/../lib/gcc/avr/5.4.0/avr5\libgcc.a(_umulhisi3.o)
                              main.o (__umulhisi3)
f:/programs2/7.0/toolchain/avr8/avr8-gnu-toolchain/bin/../lib/gcc/avr/5.4.0/avr5\libgcc.a(_udivmodsi4.o)
                              f:/programs2/7.0/toolchain/avr8/avr8-gnu-toolchain/bin/../lib/gcc/avr/5.4.0/avr5\libgcc.a(_divmodsi4.o) (__udivmodsi4)
f:/programs2/7.0/toolchain/avr8/avr8-gnu-toolchain/bin/../lib/gcc/avr/5.4.0/../../../../avr/lib/avr5\libc.a(memcpy.o)
                              FreeRTOS/src/queue.o (memcpy)

Discarded input sections

 .data          0x00000000        0x0 F:/Programs2/7.0/Packs/atmel/ATmega_DFP/1.6.364/gcc/dev/atmega32/avr5/crtatmega32.o
 .bss           0x00000000        0x0 F:/Programs2/7.0/Packs/atmel/ATmega_DFP/1.6.364/gcc/dev/atmega32/avr5/crtatmega32.o
 .text          0x00000000        0x0 FreeRTOS/src/croutine.o
 .data          0x00000000        0x0 FreeRTOS/src/croutine.o
 .bss           0x00000000        0x0 FreeRTOS/src/croutine.o
 .text.prvInitialiseCoRoutineLists
                0x00000000       0x5e FreeRTOS/src/croutine.o
 .text.prvCheckPendingReadyList
                0x00000000       0x6c FreeRTOS/src/croutine.o
 .text.prvCheckDelayedList
                0x00000000      0x106 FreeRTOS/src/croutine.o
 .text.xCoRoutineCreate
                0x00000000       0xba FreeRTOS/src/croutine.o
 .text.vCoRoutineAddToDelayedList
                0x00000000       0x86 FreeRTOS/src/croutine.o
 .text.vCoRoutineSchedule
                0x00000000       0xb0 FreeRTOS/src/croutine.o
 .text.xCoRoutineRemoveFromEventList
                0x00000000       0x4c FreeRTOS/src/croutine.o
 .bss.xPassedTicks
                0x00000000        0x2 FreeRTOS/src/croutine.o
 .bss.xLastTickCount
                0x00000000        0x2 FreeRTOS/src/croutine.o
 .bss.xCoRoutineTickCount
                0x00000000        0x2 FreeRTOS/src/croutine.o
 .bss.uxTopCoRoutineReadyPriority
                0x00000000        0x1 FreeRTOS/src/croutine.o
 .bss.pxCurrentCoRoutine
                0x00000000        0x2 FreeRTOS/src/croutine.o
 .bss.xPendingReadyCoRoutineList
                0x00000000        0x9 FreeRTOS/src/croutine.o
 .bss.pxOverflowDelayedCoRoutineList
                0x00000000        0x2 FreeRTOS/src/croutine.o
 .bss.pxDelayedCoRoutineList
                0x00000000        0x2 FreeRTOS/src/croutine.o
 .bss.xDelayedCoRoutineList2
                0x00000000        0x9 FreeRTOS/src/croutine.o
 .bss.xDelayedCoRoutineList1
                0x00000000        0x9 FreeRTOS/src/croutine.o
 .bss.pxReadyCoRoutineLists
                0x00000000       0x12 FreeRTOS/src/croutine.o
 .debug_info    0x00000000      0x725 FreeRTOS/src/croutine.o
 .debug_abbrev  0x00000000      0x1ec FreeRTOS/src/croutine.o
 .debug_loc     0x00000000      0x3f0 FreeRTOS/src/croutine.o
 .debug_aranges
                0x00000000       0x50 FreeRTOS/src/croutine.o
 .debug_ranges  0x00000000       0x40 FreeRTOS/src/croutine.o
 .debug_line    0x00000000      0x3a9 FreeRTOS/src/croutine.o
 .debug_str     0x00000000      0x559 FreeRTOS/src/croutine.o
 .comment       0x00000000       0x31 FreeRTOS/src/croutine.o
 .debug_frame   0x00000000      0x100 FreeRTOS/src/croutine.o
 .text          0x00000000        0x0 FreeRTOS/src/event_groups.o
 .data          0x00000000        0x0 FreeRTOS/src/event_groups.o
 .bss           0x00000000        0x0 FreeRTOS/src/event_groups.o
 .text.prvTestWaitCondition
                0x00000000       0x26 FreeRTOS/src/event_groups.o
 .text.xEventGroupCreate
                0x00000000       0x26 FreeRTOS/src/event_groups.o
 .text.xEventGroupWaitBits
                0x00000000       0xe4 FreeRTOS/src/event_groups.o
 .text.xEventGroupClearBits
                0x00000000       0x1e FreeRTOS/src/event_groups.o
 .text.xEventGroupGetBitsFromISR
                0x00000000        0x8 FreeRTOS/src/event_groups.o
 .text.xEventGroupSetBits
                0x00000000       0xc8 FreeRTOS/src/event_groups.o
 .text.xEventGroupSync
                0x00000000       0xd6 FreeRTOS/src/event_groups.o
 .text.vEventGroupDelete
                0x00000000       0x2e FreeRTOS/src/event_groups.o
 .text.vEventGroupSetBitsCallback
                0x00000000        0x8 FreeRTOS/src/event_groups.o
 .text.vEventGroupClearBitsCallback
                0x00000000        0x8 FreeRTOS/src/event_groups.o
 .debug_info    0x00000000      0x8c3 FreeRTOS/src/event_groups.o
 .debug_abbrev  0x00000000      0x1d5 FreeRTOS/src/event_groups.o
 .debug_loc     0x00000000      0xb21 FreeRTOS/src/event_groups.o
 .debug_aranges
                0x00000000       0x68 FreeRTOS/src/event_groups.o
 .debug_ranges  0x00000000       0x70 FreeRTOS/src/event_groups.o
 .debug_line    0x00000000      0x400 FreeRTOS/src/event_groups.o
 .debug_str     0x00000000      0x5a9 FreeRTOS/src/event_groups.o
 .comment       0x00000000       0x31 FreeRTOS/src/event_groups.o
 .debug_frame   0x00000000      0x15c FreeRTOS/src/event_groups.o
 .text          0x00000000        0x0 FreeRTOS/src/heap_1.o
 .data          0x00000000        0x0 FreeRTOS/src/heap_1.o
 .bss           0x00000000        0x0 FreeRTOS/src/heap_1.o
 .text.vPortInitialiseBlocks
                0x00000000        0xa FreeRTOS/src/heap_1.o
 .text.xPortGetFreeHeapSize
                0x00000000       0x12 FreeRTOS/src/heap_1.o
 .text          0x00000000        0x0 FreeRTOS/src/integer.o
 .data          0x00000000        0x0 FreeRTOS/src/integer.o
 .bss           0x00000000        0x0 FreeRTOS/src/integer.o
 .text.vCompeteingIntMathTask
                0x00000000       0xb8 FreeRTOS/src/integer.o
 .rodata.str1.1
                0x00000000        0x8 FreeRTOS/src/integer.o
 .text.vStartIntegerMathTasks
                0x00000000       0x5e FreeRTOS/src/integer.o
 .text.xAreIntegerMathsTaskStillRunning
                0x00000000       0x2a FreeRTOS/src/integer.o
 .bss.xTaskCheck
                0x00000000        0x1 FreeRTOS/src/integer.o
 .debug_info    0x00000000      0x213 FreeRTOS/src/integer.o
 .debug_abbrev  0x00000000      0x109 FreeRTOS/src/integer.o
 .debug_loc     0x00000000      0x1e6 FreeRTOS/src/integer.o
 .debug_aranges
                0x00000000       0x30 FreeRTOS/src/integer.o
 .debug_ranges  0x00000000       0x20 FreeRTOS/src/integer.o
 .debug_line    0x00000000      0x145 FreeRTOS/src/integer.o
 .debug_str     0x00000000      0x26f FreeRTOS/src/integer.o
 .comment       0x00000000       0x31 FreeRTOS/src/integer.o
 .debug_frame   0x00000000       0x88 FreeRTOS/src/integer.o
 .text          0x00000000        0x0 FreeRTOS/src/list.o
 .data          0x00000000        0x0 FreeRTOS/src/list.o
 .bss           0x00000000        0x0 FreeRTOS/src/list.o
 .text          0x00000000        0x0 FreeRTOS/src/PollQ.o
 .data          0x00000000        0x0 FreeRTOS/src/PollQ.o
 .bss           0x00000000        0x0 FreeRTOS/src/PollQ.o
 .text.vPolledQueueProducer
                0x00000000       0x66 FreeRTOS/src/PollQ.o
 .text.vPolledQueueConsumer
                0x00000000       0x7c FreeRTOS/src/PollQ.o
 .rodata.str1.1
                0x00000000       0x10 FreeRTOS/src/PollQ.o
 .text.vStartPolledQueueTasks
                0x00000000       0x6c FreeRTOS/src/PollQ.o
 .text.xArePollingQueuesStillRunning
                0x00000000       0x22 FreeRTOS/src/PollQ.o
 .bss.xPolledQueue.2092
                0x00000000        0x2 FreeRTOS/src/PollQ.o
 .bss.xPollingProducerCount
                0x00000000        0x1 FreeRTOS/src/PollQ.o
 .bss.xPollingConsumerCount
                0x00000000        0x1 FreeRTOS/src/PollQ.o
 .debug_info    0x00000000      0x3bd FreeRTOS/src/PollQ.o
 .debug_abbrev  0x00000000      0x106 FreeRTOS/src/PollQ.o
 .debug_loc     0x00000000      0x240 FreeRTOS/src/PollQ.o
 .debug_aranges
                0x00000000       0x38 FreeRTOS/src/PollQ.o
 .debug_ranges  0x00000000       0x28 FreeRTOS/src/PollQ.o
 .debug_line    0x00000000      0x1f4 FreeRTOS/src/PollQ.o
 .debug_str     0x00000000      0x32e FreeRTOS/src/PollQ.o
 .comment       0x00000000       0x31 FreeRTOS/src/PollQ.o
 .debug_frame   0x00000000       0x9c FreeRTOS/src/PollQ.o
 .text          0x00000000        0x0 FreeRTOS/src/port.o
 .data          0x00000000        0x0 FreeRTOS/src/port.o
 .bss           0x00000000        0x0 FreeRTOS/src/port.o
 .text.vPortEndScheduler
                0x00000000        0x2 FreeRTOS/src/port.o
 .text          0x00000000        0x0 FreeRTOS/src/queue.o
 .data          0x00000000        0x0 FreeRTOS/src/queue.o
 .bss           0x00000000        0x0 FreeRTOS/src/queue.o
 .text.xQueueCreateMutex
                0x00000000       0x58 FreeRTOS/src/queue.o
 .text.xQueueGenericSendFromISR
                0x00000000       0x80 FreeRTOS/src/queue.o
 .text.xQueueReceiveFromISR
                0x00000000       0x66 FreeRTOS/src/queue.o
 .text.xQueuePeekFromISR
                0x00000000       0x2e FreeRTOS/src/queue.o
 .text.uxQueueMessagesWaiting
                0x00000000       0x10 FreeRTOS/src/queue.o
 .text.uxQueueSpacesAvailable
                0x00000000       0x16 FreeRTOS/src/queue.o
 .text.uxQueueMessagesWaitingFromISR
                0x00000000        0x6 FreeRTOS/src/queue.o
 .text.vQueueDelete
                0x00000000       0x1e FreeRTOS/src/queue.o
 .text.xQueueIsQueueEmptyFromISR
                0x00000000       0x10 FreeRTOS/src/queue.o
 .text.xQueueIsQueueFullFromISR
                0x00000000       0x12 FreeRTOS/src/queue.o
 .text.xQueueCRSend
                0x00000000       0x80 FreeRTOS/src/queue.o
 .text.xQueueCRReceive
                0x00000000       0x92 FreeRTOS/src/queue.o
 .text.xQueueCRSendFromISR
                0x00000000       0x4c FreeRTOS/src/queue.o
 .text.xQueueCRReceiveFromISR
                0x00000000       0x82 FreeRTOS/src/queue.o
 .text          0x00000000        0x0 FreeRTOS/src/tasks.o
 .data          0x00000000        0x0 FreeRTOS/src/tasks.o
 .bss           0x00000000        0x0 FreeRTOS/src/tasks.o
 .text.vTaskDelete
                0x00000000       0x8e FreeRTOS/src/tasks.o
 .text.uxTaskPriorityGet
                0x00000000       0x1c FreeRTOS/src/tasks.o
 .text.vTaskEndScheduler
                0x00000000        0xc FreeRTOS/src/tasks.o
 .text.xTaskGetTickCount
                0x00000000       0x14 FreeRTOS/src/tasks.o
 .text.xTaskGetTickCountFromISR
                0x00000000        0xa FreeRTOS/src/tasks.o
 .text.uxTaskGetNumberOfTasks
                0x00000000        0x6 FreeRTOS/src/tasks.o
 .text.vTaskPlaceOnUnorderedEventList
                0x00000000       0x48 FreeRTOS/src/tasks.o
 .text.xTaskRemoveFromUnorderedEventList
                0x00000000       0x74 FreeRTOS/src/tasks.o
 .text.xTaskGetCurrentTaskHandle
                0x00000000        0xa FreeRTOS/src/tasks.o
 .text.uxTaskResetEventItemValue
                0x00000000       0x2e FreeRTOS/src/tasks.o
 .text          0x00000000        0x0 main.o
 .data          0x00000000        0x0 main.o
 .bss           0x00000000        0x0 main.o
 .text          0x00000000        0x0 MCAL/ADC_Program.o
 .data          0x00000000        0x0 MCAL/ADC_Program.o
 .bss           0x00000000        0x0 MCAL/ADC_Program.o
 .text.ADC_Init
                0x00000000       0x4e MCAL/ADC_Program.o
 .text.ADC_Read
                0x00000000       0x18 MCAL/ADC_Program.o
 .text.ADC_Get_MilliVoltage
                0x00000000       0x26 MCAL/ADC_Program.o
 .text.ADC_Get_Voltage
                0x00000000       0x3a MCAL/ADC_Program.o
 .text.ADC_Start_Conversion
                0x00000000       0x1c MCAL/ADC_Program.o
 .text.ADC_GetReading
                0x00000000        0xa MCAL/ADC_Program.o
 .text.ADC_GetReadingNoBlock
                0x00000000        0x6 MCAL/ADC_Program.o
 .text.ADC_GetReading_periodicCheck
                0x00000000       0x1a MCAL/ADC_Program.o
 .data.read_flag
                0x00000000        0x1 MCAL/ADC_Program.o
 .debug_info    0x00000000      0x33e MCAL/ADC_Program.o
 .debug_abbrev  0x00000000       0xfd MCAL/ADC_Program.o
 .debug_loc     0x00000000      0x1ad MCAL/ADC_Program.o
 .debug_aranges
                0x00000000       0x58 MCAL/ADC_Program.o
 .debug_ranges  0x00000000       0x48 MCAL/ADC_Program.o
 .debug_line    0x00000000      0x1cc MCAL/ADC_Program.o
 .debug_str     0x00000000      0x319 MCAL/ADC_Program.o
 .comment       0x00000000       0x31 MCAL/ADC_Program.o
 .debug_frame   0x00000000       0x94 MCAL/ADC_Program.o
 .text          0x00000000        0x0 MCAL/DIO_Lcfg.o
 .data          0x00000000        0x0 MCAL/DIO_Lcfg.o
 .bss           0x00000000        0x0 MCAL/DIO_Lcfg.o
 .text          0x00000000        0x0 MCAL/DIO_Program.o
 .data          0x00000000        0x0 MCAL/DIO_Program.o
 .bss           0x00000000        0x0 MCAL/DIO_Program.o
 .text.DIO_TogglePin
                0x00000000       0x82 MCAL/DIO_Program.o
 .text.DIO_WritePort
                0x00000000       0x20 MCAL/DIO_Program.o
 .text.DIO_WriteBitsInPort
                0x00000000       0x60 MCAL/DIO_Program.o
 .text.DIO_higher_nibble_Value
                0x00000000       0x4c MCAL/DIO_Program.o
 .text          0x00000000        0x0 MCAL/UART_Program.o
 .data          0x00000000        0x0 MCAL/UART_Program.o
 .bss           0x00000000        0x0 MCAL/UART_Program.o
 .text.UART_RX_InterruptEnable
                0x00000000        0x8 MCAL/UART_Program.o
 .text.UART_RX_InterruptDisable
                0x00000000        0x8 MCAL/UART_Program.o
 .text.UART_TX_InterruptEnable
                0x00000000        0x8 MCAL/UART_Program.o
 .text.UART_TX_InterruptDisable
                0x00000000        0x8 MCAL/UART_Program.o
 .text.UART_RX_SetCallBack
                0x00000000        0xa MCAL/UART_Program.o
 .text.UART_TX_SetCallBack
                0x00000000        0xa MCAL/UART_Program.o
 .text.UART_SendByteNoBlock
                0x00000000        0x4 MCAL/UART_Program.o
 .text.UART_ReceiveByteNoBlock
                0x00000000        0x4 MCAL/UART_Program.o
 .text.UART_SendByte
                0x00000000        0x8 MCAL/UART_Program.o
 .text.UART_ReceiveByte
                0x00000000        0x8 MCAL/UART_Program.o
 .text.UART_Receive_PeriodicCheck
                0x00000000       0x12 MCAL/UART_Program.o
 .rodata.BaudRateArray
                0x00000000       0x48 MCAL/UART_Program.o
 .text          0x00000000        0x0 Service/UART_Service.o
 .data          0x00000000        0x0 Service/UART_Service.o
 .bss           0x00000000        0x0 Service/UART_Service.o
 .text.Func_TX2
                0x00000000        0x8 Service/UART_Service.o
 .text.Send_Int_Function
                0x00000000       0x32 Service/UART_Service.o
 .text.Receive_Int_Function
                0x00000000       0x44 Service/UART_Service.o
 .text.Func_RX  0x00000000       0x4a Service/UART_Service.o
 .text.Func_TX  0x00000000       0x58 Service/UART_Service.o
 .text.UART_SendString
                0x00000000       0x1a Service/UART_Service.o
 .text.UART_ReceiveString
                0x00000000       0x42 Service/UART_Service.o
 .text.UART_SendNumber
                0x00000000       0x2c Service/UART_Service.o
 .text.UART_SendNumber2
                0x00000000       0x3a Service/UART_Service.o
 .text.UART_RecieveNumber
                0x00000000       0x6e Service/UART_Service.o
 .text.UART_RecieveNumber2
                0x00000000       0x3a Service/UART_Service.o
 .text.UART_SendStringCheckSum
                0x00000000       0x6c Service/UART_Service.o
 .text.UART_ReceiveStringCheckSum
                0x00000000       0x84 Service/UART_Service.o
 .text.UART_SendString_Asynch
                0x00000000       0x1e Service/UART_Service.o
 .text.UART_ReceiveString_Asynch
                0x00000000       0x20 Service/UART_Service.o
 .text.UART_SendStringAsynch
                0x00000000       0x40 Service/UART_Service.o
 .text.UART_ReceiveStringAsynch
                0x00000000       0x32 Service/UART_Service.o
 .text.UART_BCM_Init
                0x00000000        0xe Service/UART_Service.o
 .text.UART_BCM_Runnable
                0x00000000       0x54 Service/UART_Service.o
 .data.i.1735   0x00000000        0x1 Service/UART_Service.o
 .bss.first_run.1736
                0x00000000        0x1 Service/UART_Service.o
 .bss.i.1724    0x00000000        0x1 Service/UART_Service.o
 .bss.k.1725    0x00000000        0x1 Service/UART_Service.o
 .data.i.1711   0x00000000        0x1 Service/UART_Service.o
 .bss.k.1712    0x00000000        0x1 Service/UART_Service.o
 .bss.i.1696    0x00000000        0x1 Service/UART_Service.o
 .data.i.1689   0x00000000        0x1 Service/UART_Service.o
 .bss.flag      0x00000000        0x1 Service/UART_Service.o
 .bss.RX_j      0x00000000        0x1 Service/UART_Service.o
 .bss.TX_j      0x00000000        0x1 Service/UART_Service.o
 .bss.RX_str    0x00000000       0x28 Service/UART_Service.o
 .bss.TX_str    0x00000000       0x28 Service/UART_Service.o
 .bss.Asynch_receive_str
                0x00000000        0x2 Service/UART_Service.o
 .bss.Asynch_Send_Str
                0x00000000        0x2 Service/UART_Service.o
 .debug_info    0x00000000      0x839 Service/UART_Service.o
 .debug_abbrev  0x00000000      0x1bc Service/UART_Service.o
 .debug_loc     0x00000000      0x82f Service/UART_Service.o
 .debug_aranges
                0x00000000       0xb0 Service/UART_Service.o
 .debug_ranges  0x00000000       0xa0 Service/UART_Service.o
 .debug_line    0x00000000      0x4a9 Service/UART_Service.o
 .debug_str     0x00000000      0x432 Service/UART_Service.o
 .comment       0x00000000       0x31 Service/UART_Service.o
 .debug_frame   0x00000000      0x258 Service/UART_Service.o
 .text          0x00000000        0x0 f:/programs2/7.0/toolchain/avr8/avr8-gnu-toolchain/bin/../lib/gcc/avr/5.4.0/avr5\libgcc.a(_divmodsi4.o)
 .data          0x00000000        0x0 f:/programs2/7.0/toolchain/avr8/avr8-gnu-toolchain/bin/../lib/gcc/avr/5.4.0/avr5\libgcc.a(_divmodsi4.o)
 .bss           0x00000000        0x0 f:/programs2/7.0/toolchain/avr8/avr8-gnu-toolchain/bin/../lib/gcc/avr/5.4.0/avr5\libgcc.a(_divmodsi4.o)
 .text.libgcc.mul
                0x00000000        0x0 f:/programs2/7.0/toolchain/avr8/avr8-gnu-toolchain/bin/../lib/gcc/avr/5.4.0/avr5\libgcc.a(_divmodsi4.o)
 .text.libgcc.div
                0x00000000       0x2e f:/programs2/7.0/toolchain/avr8/avr8-gnu-toolchain/bin/../lib/gcc/avr/5.4.0/avr5\libgcc.a(_divmodsi4.o)
 .text.libgcc   0x00000000        0x0 f:/programs2/7.0/toolchain/avr8/avr8-gnu-toolchain/bin/../lib/gcc/avr/5.4.0/avr5\libgcc.a(_divmodsi4.o)
 .text.libgcc.prologue
                0x00000000        0x0 f:/programs2/7.0/toolchain/avr8/avr8-gnu-toolchain/bin/../lib/gcc/avr/5.4.0/avr5\libgcc.a(_divmodsi4.o)
 .text.libgcc.builtins
                0x00000000        0x0 f:/programs2/7.0/toolchain/avr8/avr8-gnu-toolchain/bin/../lib/gcc/avr/5.4.0/avr5\libgcc.a(_divmodsi4.o)
 .text.libgcc.fmul
                0x00000000        0x0 f:/programs2/7.0/toolchain/avr8/avr8-gnu-toolchain/bin/../lib/gcc/avr/5.4.0/avr5\libgcc.a(_divmodsi4.o)
 .text.libgcc.fixed
                0x00000000        0x0 f:/programs2/7.0/toolchain/avr8/avr8-gnu-toolchain/bin/../lib/gcc/avr/5.4.0/avr5\libgcc.a(_divmodsi4.o)
 .text          0x00000000        0x0 f:/programs2/7.0/toolchain/avr8/avr8-gnu-toolchain/bin/../lib/gcc/avr/5.4.0/avr5\libgcc.a(_negsi2.o)
 .data          0x00000000        0x0 f:/programs2/7.0/toolchain/avr8/avr8-gnu-toolchain/bin/../lib/gcc/avr/5.4.0/avr5\libgcc.a(_negsi2.o)
 .bss           0x00000000        0x0 f:/programs2/7.0/toolchain/avr8/avr8-gnu-toolchain/bin/../lib/gcc/avr/5.4.0/avr5\libgcc.a(_negsi2.o)
 .text.libgcc.mul
                0x00000000        0x0 f:/programs2/7.0/toolchain/avr8/avr8-gnu-toolchain/bin/../lib/gcc/avr/5.4.0/avr5\libgcc.a(_negsi2.o)
 .text.libgcc.div
                0x00000000       0x10 f:/programs2/7.0/toolchain/avr8/avr8-gnu-toolchain/bin/../lib/gcc/avr/5.4.0/avr5\libgcc.a(_negsi2.o)
 .text.libgcc   0x00000000        0x0 f:/programs2/7.0/toolchain/avr8/avr8-gnu-toolchain/bin/../lib/gcc/avr/5.4.0/avr5\libgcc.a(_negsi2.o)
 .text.libgcc.prologue
                0x00000000        0x0 f:/programs2/7.0/toolchain/avr8/avr8-gnu-toolchain/bin/../lib/gcc/avr/5.4.0/avr5\libgcc.a(_negsi2.o)
 .text.libgcc.builtins
                0x00000000        0x0 f:/programs2/7.0/toolchain/avr8/avr8-gnu-toolchain/bin/../lib/gcc/avr/5.4.0/avr5\libgcc.a(_negsi2.o)
 .text.libgcc.fmul
                0x00000000        0x0 f:/programs2/7.0/toolchain/avr8/avr8-gnu-toolchain/bin/../lib/gcc/avr/5.4.0/avr5\libgcc.a(_negsi2.o)
 .text.libgcc.fixed
                0x00000000        0x0 f:/programs2/7.0/toolchain/avr8/avr8-gnu-toolchain/bin/../lib/gcc/avr/5.4.0/avr5\libgcc.a(_negsi2.o)
 .text          0x00000000        0x0 f:/programs2/7.0/toolchain/avr8/avr8-gnu-toolchain/bin/../lib/gcc/avr/5.4.0/avr5\libgcc.a(_exit.o)
 .data          0x00000000        0x0 f:/programs2/7.0/toolchain/avr8/avr8-gnu-toolchain/bin/../lib/gcc/avr/5.4.0/avr5\libgcc.a(_exit.o)
 .bss           0x00000000        0x0 f:/programs2/7.0/toolchain/avr8/avr8-gnu-toolchain/bin/../lib/gcc/avr/5.4.0/avr5\libgcc.a(_exit.o)
 .text.libgcc.mul
                0x00000000        0x0 f:/programs2/7.0/toolchain/avr8/avr8-gnu-toolchain/bin/../lib/gcc/avr/5.4.0/avr5\libgcc.a(_exit.o)
 .text.libgcc.div
                0x00000000        0x0 f:/programs2/7.0/toolchain/avr8/avr8-gnu-toolchain/bin/../lib/gcc/avr/5.4.0/avr5\libgcc.a(_exit.o)
 .text.libgcc   0x00000000        0x0 f:/programs2/7.0/toolchain/avr8/avr8-gnu-toolchain/bin/../lib/gcc/avr/5.4.0/avr5\libgcc.a(_exit.o)
 .text.libgcc.prologue
                0x00000000        0x0 f:/programs2/7.0/toolchain/avr8/avr8-gnu-toolchain/bin/../lib/gcc/avr/5.4.0/avr5\libgcc.a(_exit.o)
 .text.libgcc.builtins
                0x00000000        0x0 f:/programs2/7.0/toolchain/avr8/avr8-gnu-toolchain/bin/../lib/gcc/avr/5.4.0/avr5\libgcc.a(_exit.o)
 .text.libgcc.fmul
                0x00000000        0x0 f:/programs2/7.0/toolchain/avr8/avr8-gnu-toolchain/bin/../lib/gcc/avr/5.4.0/avr5\libgcc.a(_exit.o)
 .text.libgcc.fixed
                0x00000000        0x0 f:/programs2/7.0/toolchain/avr8/avr8-gnu-toolchain/bin/../lib/gcc/avr/5.4.0/avr5\libgcc.a(_exit.o)
 .text          0x00000000        0x0 f:/programs2/7.0/toolchain/avr8/avr8-gnu-toolchain/bin/../lib/gcc/avr/5.4.0/avr5\libgcc.a(_copy_data.o)
 .data          0x00000000        0x0 f:/programs2/7.0/toolchain/avr8/avr8-gnu-toolchain/bin/../lib/gcc/avr/5.4.0/avr5\libgcc.a(_copy_data.o)
 .bss           0x00000000        0x0 f:/programs2/7.0/toolchain/avr8/avr8-gnu-toolchain/bin/../lib/gcc/avr/5.4.0/avr5\libgcc.a(_copy_data.o)
 .text.libgcc.mul
                0x00000000        0x0 f:/programs2/7.0/toolchain/avr8/avr8-gnu-toolchain/bin/../lib/gcc/avr/5.4.0/avr5\libgcc.a(_copy_data.o)
 .text.libgcc.div
                0x00000000        0x0 f:/programs2/7.0/toolchain/avr8/avr8-gnu-toolchain/bin/../lib/gcc/avr/5.4.0/avr5\libgcc.a(_copy_data.o)
 .text.libgcc   0x00000000        0x0 f:/programs2/7.0/toolchain/avr8/avr8-gnu-toolchain/bin/../lib/gcc/avr/5.4.0/avr5\libgcc.a(_copy_data.o)
 .text.libgcc.prologue
                0x00000000        0x0 f:/programs2/7.0/toolchain/avr8/avr8-gnu-toolchain/bin/../lib/gcc/avr/5.4.0/avr5\libgcc.a(_copy_data.o)
 .text.libgcc.builtins
                0x00000000        0x0 f:/programs2/7.0/toolchain/avr8/avr8-gnu-toolchain/bin/../lib/gcc/avr/5.4.0/avr5\libgcc.a(_copy_data.o)
 .text.libgcc.fmul
                0x00000000        0x0 f:/programs2/7.0/toolchain/avr8/avr8-gnu-toolchain/bin/../lib/gcc/avr/5.4.0/avr5\libgcc.a(_copy_data.o)
 .text.libgcc.fixed
                0x00000000        0x0 f:/programs2/7.0/toolchain/avr8/avr8-gnu-toolchain/bin/../lib/gcc/avr/5.4.0/avr5\libgcc.a(_copy_data.o)
 .text          0x00000000        0x0 f:/programs2/7.0/toolchain/avr8/avr8-gnu-toolchain/bin/../lib/gcc/avr/5.4.0/avr5\libgcc.a(_clear_bss.o)
 .data          0x00000000        0x0 f:/programs2/7.0/toolchain/avr8/avr8-gnu-toolchain/bin/../lib/gcc/avr/5.4.0/avr5\libgcc.a(_clear_bss.o)
 .bss           0x00000000        0x0 f:/programs2/7.0/toolchain/avr8/avr8-gnu-toolchain/bin/../lib/gcc/avr/5.4.0/avr5\libgcc.a(_clear_bss.o)
 .text.libgcc.mul
                0x00000000        0x0 f:/programs2/7.0/toolchain/avr8/avr8-gnu-toolchain/bin/../lib/gcc/avr/5.4.0/avr5\libgcc.a(_clear_bss.o)
 .text.libgcc.div
                0x00000000        0x0 f:/programs2/7.0/toolchain/avr8/avr8-gnu-toolchain/bin/../lib/gcc/avr/5.4.0/avr5\libgcc.a(_clear_bss.o)
 .text.libgcc   0x00000000        0x0 f:/programs2/7.0/toolchain/avr8/avr8-gnu-toolchain/bin/../lib/gcc/avr/5.4.0/avr5\libgcc.a(_clear_bss.o)
 .text.libgcc.prologue
                0x00000000        0x0 f:/programs2/7.0/toolchain/avr8/avr8-gnu-toolchain/bin/../lib/gcc/avr/5.4.0/avr5\libgcc.a(_clear_bss.o)
 .text.libgcc.builtins
                0x00000000        0x0 f:/programs2/7.0/toolchain/avr8/avr8-gnu-toolchain/bin/../lib/gcc/avr/5.4.0/avr5\libgcc.a(_clear_bss.o)
 .text.libgcc.fmul
                0x00000000        0x0 f:/programs2/7.0/toolchain/avr8/avr8-gnu-toolchain/bin/../lib/gcc/avr/5.4.0/avr5\libgcc.a(_clear_bss.o)
 .text.libgcc.fixed
                0x00000000        0x0 f:/programs2/7.0/toolchain/avr8/avr8-gnu-toolchain/bin/../lib/gcc/avr/5.4.0/avr5\libgcc.a(_clear_bss.o)
 .text          0x00000000        0x0 f:/programs2/7.0/toolchain/avr8/avr8-gnu-toolchain/bin/../lib/gcc/avr/5.4.0/avr5\libgcc.a(_umulhisi3.o)
 .data          0x00000000        0x0 f:/programs2/7.0/toolchain/avr8/avr8-gnu-toolchain/bin/../lib/gcc/avr/5.4.0/avr5\libgcc.a(_umulhisi3.o)
 .bss           0x00000000        0x0 f:/programs2/7.0/toolchain/avr8/avr8-gnu-toolchain/bin/../lib/gcc/avr/5.4.0/avr5\libgcc.a(_umulhisi3.o)
 .text.libgcc.div
                0x00000000        0x0 f:/programs2/7.0/toolchain/avr8/avr8-gnu-toolchain/bin/../lib/gcc/avr/5.4.0/avr5\libgcc.a(_umulhisi3.o)
 .text.libgcc   0x00000000        0x0 f:/programs2/7.0/toolchain/avr8/avr8-gnu-toolchain/bin/../lib/gcc/avr/5.4.0/avr5\libgcc.a(_umulhisi3.o)
 .text.libgcc.prologue
                0x00000000        0x0 f:/programs2/7.0/toolchain/avr8/avr8-gnu-toolchain/bin/../lib/gcc/avr/5.4.0/avr5\libgcc.a(_umulhisi3.o)
 .text.libgcc.builtins
                0x00000000        0x0 f:/programs2/7.0/toolchain/avr8/avr8-gnu-toolchain/bin/../lib/gcc/avr/5.4.0/avr5\libgcc.a(_umulhisi3.o)
 .text.libgcc.fmul
                0x00000000        0x0 f:/programs2/7.0/toolchain/avr8/avr8-gnu-toolchain/bin/../lib/gcc/avr/5.4.0/avr5\libgcc.a(_umulhisi3.o)
 .text.libgcc.fixed
                0x00000000        0x0 f:/programs2/7.0/toolchain/avr8/avr8-gnu-toolchain/bin/../lib/gcc/avr/5.4.0/avr5\libgcc.a(_umulhisi3.o)
 .text          0x00000000        0x0 f:/programs2/7.0/toolchain/avr8/avr8-gnu-toolchain/bin/../lib/gcc/avr/5.4.0/avr5\libgcc.a(_udivmodsi4.o)
 .data          0x00000000        0x0 f:/programs2/7.0/toolchain/avr8/avr8-gnu-toolchain/bin/../lib/gcc/avr/5.4.0/avr5\libgcc.a(_udivmodsi4.o)
 .bss           0x00000000        0x0 f:/programs2/7.0/toolchain/avr8/avr8-gnu-toolchain/bin/../lib/gcc/avr/5.4.0/avr5\libgcc.a(_udivmodsi4.o)
 .text.libgcc.mul
                0x00000000        0x0 f:/programs2/7.0/toolchain/avr8/avr8-gnu-toolchain/bin/../lib/gcc/avr/5.4.0/avr5\libgcc.a(_udivmodsi4.o)
 .text.libgcc.div
                0x00000000       0x44 f:/programs2/7.0/toolchain/avr8/avr8-gnu-toolchain/bin/../lib/gcc/avr/5.4.0/avr5\libgcc.a(_udivmodsi4.o)
 .text.libgcc   0x00000000        0x0 f:/programs2/7.0/toolchain/avr8/avr8-gnu-toolchain/bin/../lib/gcc/avr/5.4.0/avr5\libgcc.a(_udivmodsi4.o)
 .text.libgcc.prologue
                0x00000000        0x0 f:/programs2/7.0/toolchain/avr8/avr8-gnu-toolchain/bin/../lib/gcc/avr/5.4.0/avr5\libgcc.a(_udivmodsi4.o)
 .text.libgcc.builtins
                0x00000000        0x0 f:/programs2/7.0/toolchain/avr8/avr8-gnu-toolchain/bin/../lib/gcc/avr/5.4.0/avr5\libgcc.a(_udivmodsi4.o)
 .text.libgcc.fmul
                0x00000000        0x0 f:/programs2/7.0/toolchain/avr8/avr8-gnu-toolchain/bin/../lib/gcc/avr/5.4.0/avr5\libgcc.a(_udivmodsi4.o)
 .text.libgcc.fixed
                0x00000000        0x0 f:/programs2/7.0/toolchain/avr8/avr8-gnu-toolchain/bin/../lib/gcc/avr/5.4.0/avr5\libgcc.a(_udivmodsi4.o)
 .text          0x00000000        0x0 f:/programs2/7.0/toolchain/avr8/avr8-gnu-toolchain/bin/../lib/gcc/avr/5.4.0/../../../../avr/lib/avr5\libc.a(memcpy.o)
 .data          0x00000000        0x0 f:/programs2/7.0/toolchain/avr8/avr8-gnu-toolchain/bin/../lib/gcc/avr/5.4.0/../../../../avr/lib/avr5\libc.a(memcpy.o)
 .bss           0x00000000        0x0 f:/programs2/7.0/toolchain/avr8/avr8-gnu-toolchain/bin/../lib/gcc/avr/5.4.0/../../../../avr/lib/avr5\libc.a(memcpy.o)

Memory Configuration

Name             Origin             Length             Attributes
text             0x00000000         0x00008000         xr
data             0x00800060         0x00000800         rw !x
eeprom           0x00810000         0x00000400         rw !x
fuse             0x00820000         0x00000002         rw !x
lock             0x00830000         0x00000400         rw !x
signature        0x00840000         0x00000400         rw !x
user_signatures  0x00850000         0x00000400         rw !x
*default*        0x00000000         0xffffffff

Linker script and memory map

LOAD F:/Programs2/7.0/Packs/atmel/ATmega_DFP/1.6.364/gcc/dev/atmega32/avr5/crtatmega32.o
LOAD FreeRTOS/src/croutine.o
LOAD FreeRTOS/src/event_groups.o
LOAD FreeRTOS/src/heap_1.o
LOAD FreeRTOS/src/integer.o
LOAD FreeRTOS/src/list.o
LOAD FreeRTOS/src/PollQ.o
LOAD FreeRTOS/src/port.o
LOAD FreeRTOS/src/queue.o
LOAD FreeRTOS/src/tasks.o
LOAD main.o
LOAD MCAL/ADC_Program.o
LOAD MCAL/DIO_Lcfg.o
LOAD MCAL/DIO_Program.o
LOAD MCAL/UART_Program.o
LOAD Service/UART_Service.o
START GROUP
LOAD f:/programs2/7.0/toolchain/avr8/avr8-gnu-toolchain/bin/../lib/gcc/avr/5.4.0/../../../../avr/lib/avr5\libm.a
END GROUP
START GROUP
LOAD f:/programs2/7.0/toolchain/avr8/avr8-gnu-toolchain/bin/../lib/gcc/avr/5.4.0/avr5\libgcc.a
LOAD f:/programs2/7.0/toolchain/avr8/avr8-gnu-toolchain/bin/../lib/gcc/avr/5.4.0/../../../../avr/lib/avr5\libm.a
LOAD f:/programs2/7.0/toolchain/avr8/avr8-gnu-toolchain/bin/../lib/gcc/avr/5.4.0/../../../../avr/lib/avr5\libc.a
LOAD F:/Programs2/7.0/Packs/atmel/ATmega_DFP/1.6.364/gcc/dev/atmega32/avr5\libatmega32.a
END GROUP
                0x00000000                __TEXT_REGION_ORIGIN__ = DEFINED (__TEXT_REGION_ORIGIN__)?__TEXT_REGION_ORIGIN__:0x0
                [0x00800060]                __DATA_REGION_ORIGIN__ = DEFINED (__DATA_REGION_ORIGIN__)?__DATA_REGION_ORIGIN__:0x800060
                [0x00008000]                __TEXT_REGION_LENGTH__ = DEFINED (__TEXT_REGION_LENGTH__)?__TEXT_REGION_LENGTH__:0x20000
                [0x00000800]                __DATA_REGION_LENGTH__ = DEFINED (__DATA_REGION_LENGTH__)?__DATA_REGION_LENGTH__:0xffa0
                [0x00000400]                __EEPROM_REGION_LENGTH__ = DEFINED (__EEPROM_REGION_LENGTH__)?__EEPROM_REGION_LENGTH__:0x10000
                [0x00000002]                __FUSE_REGION_LENGTH__ = DEFINED (__FUSE_REGION_LENGTH__)?__FUSE_REGION_LENGTH__:0x400
                0x00000400                __LOCK_REGION_LENGTH__ = DEFINED (__LOCK_REGION_LENGTH__)?__LOCK_REGION_LENGTH__:0x400
                0x00000400                __SIGNATURE_REGION_LENGTH__ = DEFINED (__SIGNATURE_REGION_LENGTH__)?__SIGNATURE_REGION_LENGTH__:0x400
                0x00000400                __USER_SIGNATURE_REGION_LENGTH__ = DEFINED (__USER_SIGNATURE_REGION_LENGTH__)?__USER_SIGNATURE_REGION_LENGTH__:0x400

.hash
 *(.hash)

.dynsym
 *(.dynsym)

.dynstr
 *(.dynstr)

.gnu.version
 *(.gnu.version)

.gnu.version_d
 *(.gnu.version_d)

.gnu.version_r
 *(.gnu.version_r)

.rel.init
 *(.rel.init)

.rela.init
 *(.rela.init)

.rel.text
 *(.rel.text)
 *(.rel.text.*)
 *(.rel.gnu.linkonce.t*)

.rela.text
 *(.rela.text)
 *(.rela.text.*)
 *(.rela.gnu.linkonce.t*)

.rel.fini
 *(.rel.fini)

.rela.fini
 *(.rela.fini)

.rel.rodata
 *(.rel.rodata)
 *(.rel.rodata.*)
 *(.rel.gnu.linkonce.r*)

.rela.rodata
 *(.rela.rodata)
 *(.rela.rodata.*)
 *(.rela.gnu.linkonce.r*)

.rel.data
 *(.rel.data)
 *(.rel.data.*)
 *(.rel.gnu.linkonce.d*)

.rela.data
 *(.rela.data)
 *(.rela.data.*)
 *(.rela.gnu.linkonce.d*)

.rel.ctors
 *(.rel.ctors)

.rela.ctors
 *(.rela.ctors)

.rel.dtors
 *(.rel.dtors)

.rela.dtors
 *(.rela.dtors)

.rel.got
 *(.rel.got)

.rela.got
 *(.rela.got)

.rel.bss
 *(.rel.bss)

.rela.bss
 *(.rela.bss)

.rel.plt
 *(.rel.plt)

.rela.plt
 *(.rela.plt)

.text           0x00000000     0x1d72
 *(.vectors)
 .vectors       0x00000000       0x54 F:/Programs2/7.0/Packs/atmel/ATmega_DFP/1.6.364/gcc/dev/atmega32/avr5/crtatmega32.o
                0x00000000                __vector_default
                0x00000000                __vectors
 *(.vectors)
 *(.progmem.gcc*)
                0x00000054                . = ALIGN (0x2)
                0x00000054                __trampolines_start = .
 *(.trampolines)
 .trampolines   0x00000054        0x0 linker stubs
 *(.trampolines*)
                0x00000054                __trampolines_end = .
 *libprintf_flt.a:*(.progmem.data)
 *libc.a:*(.progmem.data)
 *(.progmem*)
                0x00000054                . = ALIGN (0x2)
 *(.jumptables)
 *(.jumptables*)
 *(.lowtext)
 *(.lowtext*)
                0x00000054                __ctors_start = .
 *(.ctors)
                0x00000054                __ctors_end = .
                0x00000054                __dtors_start = .
 *(.dtors)
                0x00000054                __dtors_end = .
 SORT(*)(.ctors)
 SORT(*)(.dtors)
 *(.init0)
 .init0         0x00000054        0x0 F:/Programs2/7.0/Packs/atmel/ATmega_DFP/1.6.364/gcc/dev/atmega32/avr5/crtatmega32.o
                0x00000054                __init
 *(.init0)
 *(.init1)
 *(.init1)
 *(.init2)
 .init2         0x00000054        0xc F:/Programs2/7.0/Packs/atmel/ATmega_DFP/1.6.364/gcc/dev/atmega32/avr5/crtatmega32.o
 *(.init2)
 *(.init3)
 *(.init3)
 *(.init4)
 .init4         0x00000060       0x16 f:/programs2/7.0/toolchain/avr8/avr8-gnu-toolchain/bin/../lib/gcc/avr/5.4.0/avr5\libgcc.a(_copy_data.o)
                0x00000060                __do_copy_data
 .init4         0x00000076       0x10 f:/programs2/7.0/toolchain/avr8/avr8-gnu-toolchain/bin/../lib/gcc/avr/5.4.0/avr5\libgcc.a(_clear_bss.o)
                0x00000076                __do_clear_bss
 *(.init4)
 *(.init5)
 *(.init5)
 *(.init6)
 *(.init6)
 *(.init7)
 *(.init7)
 *(.init8)
 *(.init8)
 *(.init9)
 .init9         0x00000086        0x8 F:/Programs2/7.0/Packs/atmel/ATmega_DFP/1.6.364/gcc/dev/atmega32/avr5/crtatmega32.o
 *(.init9)
 *(.text)
 .text          0x0000008e        0x4 F:/Programs2/7.0/Packs/atmel/ATmega_DFP/1.6.364/gcc/dev/atmega32/avr5/crtatmega32.o
                0x0000008e                __vector_1
                0x0000008e                __vector_12
                0x0000008e                __bad_interrupt
                0x0000008e                __vector_6
                0x0000008e                __vector_3
                0x0000008e                __vector_11
                0x0000008e                __vector_17
                0x0000008e                __vector_19
                0x0000008e                __vector_5
                0x0000008e                __vector_4
                0x0000008e                __vector_9
                0x0000008e                __vector_2
                0x0000008e                __vector_8
                0x0000008e                __vector_14
                0x0000008e                __vector_10
                0x0000008e                __vector_16
                0x0000008e                __vector_18
                0x0000008e                __vector_20
                0x00000092                . = ALIGN (0x2)
 *(.text.*)
 .text.pvPortMalloc
                0x00000092       0x6a FreeRTOS/src/heap_1.o
                0x00000092                pvPortMalloc
 .text.vPortFree
                0x000000fc        0x2 FreeRTOS/src/heap_1.o
                0x000000fc                vPortFree
 .text.vListInitialise
                0x000000fe       0x1c FreeRTOS/src/list.o
                0x000000fe                vListInitialise
 .text.vListInitialiseItem
                0x0000011a        0x8 FreeRTOS/src/list.o
                0x0000011a                vListInitialiseItem
 .text.vListInsertEnd
                0x00000122       0x42 FreeRTOS/src/list.o
                0x00000122                vListInsertEnd
 .text.vListInsert
                0x00000164       0x62 FreeRTOS/src/list.o
                0x00000164                vListInsert
 .text.uxListRemove
                0x000001c6       0x4c FreeRTOS/src/list.o
                0x000001c6                uxListRemove
 .text.prvSetupTimerInterrupt
                0x00000212       0x12 FreeRTOS/src/port.o
 .text.pxPortInitialiseStack
                0x00000224       0xd8 FreeRTOS/src/port.o
                0x00000224                pxPortInitialiseStack
 .text.xPortStartScheduler
                0x000002fc       0x5e FreeRTOS/src/port.o
                0x000002fc                xPortStartScheduler
 .text.vPortYield
                0x0000035a       0xb2 FreeRTOS/src/port.o
                0x0000035a                vPortYield
 .text.vPortYieldFromTick
                0x0000040c       0xb8 FreeRTOS/src/port.o
                0x0000040c                vPortYieldFromTick
 .text.__vector_7
                0x000004c4        0x6 FreeRTOS/src/port.o
                0x000004c4                __vector_7
 .text.prvIsQueueEmpty
                0x000004ca       0x1a FreeRTOS/src/queue.o
 .text.prvIsQueueFull
                0x000004e4       0x1c FreeRTOS/src/queue.o
 .text.prvCopyDataToQueue
                0x00000500       0xc0 FreeRTOS/src/queue.o
 .text.prvCopyDataFromQueue
                0x000005c0       0x34 FreeRTOS/src/queue.o
 .text.prvUnlockQueue
                0x000005f4       0x6c FreeRTOS/src/queue.o
 .text.xQueueGenericReset
                0x00000660       0x8c FreeRTOS/src/queue.o
                0x00000660                xQueueGenericReset
 .text.xQueueGenericCreate
                0x000006ec       0x5c FreeRTOS/src/queue.o
                0x000006ec                xQueueGenericCreate
 .text.xQueueGenericSend
                0x00000748      0x124 FreeRTOS/src/queue.o
                0x00000748                xQueueGenericSend
 .text.xQueueGenericReceive
                0x0000086c      0x174 FreeRTOS/src/queue.o
                0x0000086c                xQueueGenericReceive
 .text.prvResetNextTaskUnblockTime
                0x000009e0       0x3e FreeRTOS/src/tasks.o
 .text.prvAllocateTCBAndStack
                0x00000a1e       0x50 FreeRTOS/src/tasks.o
 .text.prvDeleteTCB
                0x00000a6e       0x1a FreeRTOS/src/tasks.o
 .text.prvInitialiseTCBVariables
                0x00000a88       0x6a FreeRTOS/src/tasks.o
 .text.prvInitialiseTaskLists
                0x00000af2       0x66 FreeRTOS/src/tasks.o
 .text.prvAddCurrentTaskToDelayedList
                0x00000b58       0x6e FreeRTOS/src/tasks.o
 .text.xTaskGenericCreate
                0x00000bc6      0x170 FreeRTOS/src/tasks.o
                0x00000bc6                xTaskGenericCreate
 .text.vTaskStartScheduler
                0x00000d36       0x56 FreeRTOS/src/tasks.o
                0x00000d36                vTaskStartScheduler
 .text.vTaskSuspendAll
                0x00000d8c        0xc FreeRTOS/src/tasks.o
                0x00000d8c                vTaskSuspendAll
 .text.xTaskIncrementTick
                0x00000d98      0x178 FreeRTOS/src/tasks.o
                0x00000d98                xTaskIncrementTick
 .text.xTaskResumeAll
                0x00000f10       0xe2 FreeRTOS/src/tasks.o
                0x00000f10                xTaskResumeAll
 .text.vTaskDelay
                0x00000ff2       0x44 FreeRTOS/src/tasks.o
                0x00000ff2                vTaskDelay
 .text.prvCheckTasksWaitingTermination
                0x00001036       0x5c FreeRTOS/src/tasks.o
 .text.prvIdleTask
                0x00001092       0x12 FreeRTOS/src/tasks.o
 .text.vTaskSwitchContext
                0x000010a4       0xb8 FreeRTOS/src/tasks.o
                0x000010a4                vTaskSwitchContext
 .text.vTaskPlaceOnEventList
                0x0000115c       0x3a FreeRTOS/src/tasks.o
                0x0000115c                vTaskPlaceOnEventList
 .text.xTaskRemoveFromEventList
                0x00001196       0x90 FreeRTOS/src/tasks.o
                0x00001196                xTaskRemoveFromEventList
 .text.vTaskSetTimeOutState
                0x00001226       0x16 FreeRTOS/src/tasks.o
                0x00001226                vTaskSetTimeOutState
 .text.xTaskCheckForTimeOut
                0x0000123c       0x64 FreeRTOS/src/tasks.o
                0x0000123c                xTaskCheckForTimeOut
 .text.vTaskMissedYield
                0x000012a0        0x8 FreeRTOS/src/tasks.o
                0x000012a0                vTaskMissedYield
 .text.vTaskPriorityInherit
                0x000012a8       0xc4 FreeRTOS/src/tasks.o
                0x000012a8                vTaskPriorityInherit
 .text.xTaskPriorityDisinherit
                0x0000136c       0x80 FreeRTOS/src/tasks.o
                0x0000136c                xTaskPriorityDisinherit
 .text.pvTaskIncrementMutexHeldCount
                0x000013ec       0x24 FreeRTOS/src/tasks.o
                0x000013ec                pvTaskIncrementMutexHeldCount
 .text.T_CheckSwitch
                0x00001410       0x88 main.o
                0x00001410                T_CheckSwitch
 .text.T_UpdateTime
                0x00001498       0xde main.o
                0x00001498                T_UpdateTime
 .text.T_UpdateSSD
                0x00001576      0x28a main.o
                0x00001576                T_UpdateSSD
 .text.System_Init
                0x00001800        0xa main.o
                0x00001800                System_Init
 .text.main     0x0000180a       0x8e main.o
                0x0000180a                main
 .text.DIO_InitPin
                0x00001898      0x1fa MCAL/DIO_Program.o
 .text.DIO_Init
                0x00001a92       0x20 MCAL/DIO_Program.o
                0x00001a92                DIO_Init
 .text.DIO_WritePin
                0x00001ab2      0x10a MCAL/DIO_Program.o
                0x00001ab2                DIO_WritePin
 .text.DIO_ReadPin
                0x00001bbc       0x70 MCAL/DIO_Program.o
                0x00001bbc                DIO_ReadPin
 .text.DIO_lower_nibble_value
                0x00001c2c       0x4a MCAL/DIO_Program.o
                0x00001c2c                DIO_lower_nibble_value
 .text.UART_Init
                0x00001c76       0x24 MCAL/UART_Program.o
                0x00001c76                UART_Init
 .text.__vector_13
                0x00001c9a       0x52 MCAL/UART_Program.o
                0x00001c9a                __vector_13
 .text.__vector_15
                0x00001cec       0x52 MCAL/UART_Program.o
                0x00001cec                __vector_15
 .text.libgcc.mul
                0x00001d3e       0x1e f:/programs2/7.0/toolchain/avr8/avr8-gnu-toolchain/bin/../lib/gcc/avr/5.4.0/avr5\libgcc.a(_umulhisi3.o)
                0x00001d3e                __umulhisi3
 .text.avr-libc
                0x00001d5c       0x12 f:/programs2/7.0/toolchain/avr8/avr8-gnu-toolchain/bin/../lib/gcc/avr/5.4.0/../../../../avr/lib/avr5\libc.a(memcpy.o)
                0x00001d5c                memcpy
                0x00001d6e                . = ALIGN (0x2)
 *(.fini9)
 .fini9         0x00001d6e        0x0 f:/programs2/7.0/toolchain/avr8/avr8-gnu-toolchain/bin/../lib/gcc/avr/5.4.0/avr5\libgcc.a(_exit.o)
                0x00001d6e                _exit
                0x00001d6e                exit
 *(.fini9)
 *(.fini8)
 *(.fini8)
 *(.fini7)
 *(.fini7)
 *(.fini6)
 *(.fini6)
 *(.fini5)
 *(.fini5)
 *(.fini4)
 *(.fini4)
 *(.fini3)
 *(.fini3)
 *(.fini2)
 *(.fini2)
 *(.fini1)
 *(.fini1)
 *(.fini0)
 .fini0         0x00001d6e        0x4 f:/programs2/7.0/toolchain/avr8/avr8-gnu-toolchain/bin/../lib/gcc/avr/5.4.0/avr5\libgcc.a(_exit.o)
 *(.fini0)
                0x00001d72                _etext = .

.data           0x00800060       0x28 load address 0x00001d72
                0x00800060                PROVIDE (__data_start, .)
 *(.data)
 *(.data*)
 .data.xNextTaskUnblockTime
                0x00800060        0x2 FreeRTOS/src/tasks.o
 *(.gnu.linkonce.d*)
 *(.rodata)
 *(.rodata*)
 .rodata.str1.1
                0x00800062        0x5 FreeRTOS/src/tasks.o
 .rodata.PinsStatusArray
                0x00800067       0x20 MCAL/DIO_Lcfg.o
                0x00800067                PinsStatusArray
 *(.gnu.linkonce.r*)
                0x00800088                . = ALIGN (0x2)
 *fill*         0x00800087        0x1 
                0x00800088                _edata = .
                0x00800088                PROVIDE (__data_end, .)

.bss            0x00800088      0x4de
                0x00800088                PROVIDE (__bss_start, .)
 *(.bss)
 *(.bss*)
 .bss.pucAlignedHeap.1980
                0x00800088        0x2 FreeRTOS/src/heap_1.o
 .bss.xNextFreeByte
                0x0080008a        0x2 FreeRTOS/src/heap_1.o
 .bss.ucHeap    0x0080008c      0x44c FreeRTOS/src/heap_1.o
 .bss.uxSchedulerSuspended
                0x008004d8        0x1 FreeRTOS/src/tasks.o
 .bss.uxTaskNumber
                0x008004d9        0x1 FreeRTOS/src/tasks.o
 .bss.xNumOfOverflows
                0x008004da        0x1 FreeRTOS/src/tasks.o
 .bss.xYieldPending
                0x008004db        0x1 FreeRTOS/src/tasks.o
 .bss.uxPendedTicks
                0x008004dc        0x1 FreeRTOS/src/tasks.o
 .bss.xSchedulerRunning
                0x008004dd        0x1 FreeRTOS/src/tasks.o
 .bss.uxTopReadyPriority
                0x008004de        0x1 FreeRTOS/src/tasks.o
 .bss.xTickCount
                0x008004df        0x2 FreeRTOS/src/tasks.o
 .bss.uxCurrentNumberOfTasks
                0x008004e1        0x1 FreeRTOS/src/tasks.o
 .bss.uxTasksDeleted
                0x008004e2        0x1 FreeRTOS/src/tasks.o
 .bss.xTasksWaitingTermination
                0x008004e3        0x9 FreeRTOS/src/tasks.o
 .bss.xPendingReadyList
                0x008004ec        0x9 FreeRTOS/src/tasks.o
 .bss.pxOverflowDelayedTaskList
                0x008004f5        0x2 FreeRTOS/src/tasks.o
 .bss.pxDelayedTaskList
                0x008004f7        0x2 FreeRTOS/src/tasks.o
 .bss.xDelayedTaskList2
                0x008004f9        0x9 FreeRTOS/src/tasks.o
 .bss.xDelayedTaskList1
                0x00800502        0x9 FreeRTOS/src/tasks.o
 .bss.pxReadyTasksLists
                0x0080050b       0x48 FreeRTOS/src/tasks.o
 .bss.pxCurrentTCB
                0x00800553        0x2 FreeRTOS/src/tasks.o
                0x00800553                pxCurrentTCB
 .bss.flag.2126
                0x00800555        0x1 main.o
 .bss.hour      0x00800556        0x2 main.o
                0x00800556                hour
 .bss.minute    0x00800558        0x2 main.o
                0x00800558                minute
 .bss.second    0x0080055a        0x2 main.o
                0x0080055a                second
 .bss.Resume_sem
                0x0080055c        0x2 main.o
                0x0080055c                Resume_sem
 .bss.Pause_sem
                0x0080055e        0x2 main.o
                0x0080055e                Pause_sem
 .bss.Reset_sem
                0x00800560        0x2 main.o
                0x00800560                Reset_sem
 .bss.UART_TX_Fptr
                0x00800562        0x2 MCAL/UART_Program.o
 .bss.UART_RX_Fptr
                0x00800564        0x2 MCAL/UART_Program.o
 *(COMMON)
                0x00800566                PROVIDE (__bss_end, .)
                0x00001d72                __data_load_start = LOADADDR (.data)
                0x00001d9a                __data_load_end = (__data_load_start + SIZEOF (.data))

.noinit         0x00800566        0x0
                [!provide]                PROVIDE (__noinit_start, .)
 *(.noinit*)
                [!provide]                PROVIDE (__noinit_end, .)
                0x00800566                _end = .
                [!provide]                PROVIDE (__heap_start, .)

.eeprom         0x00810000        0x0
 *(.eeprom*)
                0x00810000                __eeprom_end = .

.fuse
 *(.fuse)
 *(.lfuse)
 *(.hfuse)
 *(.efuse)

.lock
 *(.lock*)

.signature
 *(.signature*)

.user_signatures
 *(.user_signatures*)

.stab
 *(.stab)

.stabstr
 *(.stabstr)

.stab.excl
 *(.stab.excl)

.stab.exclstr
 *(.stab.exclstr)

.stab.index
 *(.stab.index)

.stab.indexstr
 *(.stab.indexstr)

.comment        0x00000000       0x30
 *(.comment)
 .comment       0x00000000       0x30 FreeRTOS/src/heap_1.o
                                 0x31 (size before relaxing)
 .comment       0x00000030       0x31 FreeRTOS/src/list.o
 .comment       0x00000030       0x31 FreeRTOS/src/port.o
 .comment       0x00000030       0x31 FreeRTOS/src/queue.o
 .comment       0x00000030       0x31 FreeRTOS/src/tasks.o
 .comment       0x00000030       0x31 main.o
 .comment       0x00000030       0x31 MCAL/DIO_Lcfg.o
 .comment       0x00000030       0x31 MCAL/DIO_Program.o
 .comment       0x00000030       0x31 MCAL/UART_Program.o

.note.gnu.avr.deviceinfo
                0x00000000       0x3c
 .note.gnu.avr.deviceinfo
                0x00000000       0x3c F:/Programs2/7.0/Packs/atmel/ATmega_DFP/1.6.364/gcc/dev/atmega32/avr5/crtatmega32.o

.note.gnu.build-id
 *(.note.gnu.build-id)

.debug
 *(.debug)

.line
 *(.line)

.debug_srcinfo
 *(.debug_srcinfo)

.debug_sfnames
 *(.debug_sfnames)

.debug_aranges  0x00000000      0x3f8
 *(.debug_aranges)
 .debug_aranges
                0x00000000       0x38 FreeRTOS/src/heap_1.o
 .debug_aranges
                0x00000038       0x40 FreeRTOS/src/list.o
 .debug_aranges
                0x00000078       0x50 FreeRTOS/src/port.o
 .debug_aranges
                0x000000c8       0xd0 FreeRTOS/src/queue.o
 .debug_aranges
                0x00000198      0x120 FreeRTOS/src/tasks.o
 .debug_aranges
                0x000002b8       0x40 main.o
 .debug_aranges
                0x000002f8       0x18 MCAL/DIO_Lcfg.o
 .debug_aranges
                0x00000310       0x60 MCAL/DIO_Program.o
 .debug_aranges
                0x00000370       0x88 MCAL/UART_Program.o

.debug_pubnames
 *(.debug_pubnames)

.debug_info     0x00000000     0x45f8
 *(.debug_info .gnu.linkonce.wi.*)
 .debug_info    0x00000000      0x4e6 F:/Programs2/7.0/Packs/atmel/ATmega_DFP/1.6.364/gcc/dev/atmega32/avr5/crtatmega32.o
 .debug_info    0x000004e6      0x1a4 FreeRTOS/src/heap_1.o
 .debug_info    0x0000068a      0x2c6 FreeRTOS/src/list.o
 .debug_info    0x00000950      0x24e FreeRTOS/src/port.o
 .debug_info    0x00000b9e     0x1277 FreeRTOS/src/queue.o
 .debug_info    0x00001e15     0x13b2 FreeRTOS/src/tasks.o
 .debug_info    0x000031c7      0xb8a main.o
 .debug_info    0x00003d51      0x186 MCAL/DIO_Lcfg.o
 .debug_info    0x00003ed7      0x463 MCAL/DIO_Program.o
 .debug_info    0x0000433a      0x2be MCAL/UART_Program.o

.debug_abbrev   0x00000000     0x10e2
 *(.debug_abbrev)
 .debug_abbrev  0x00000000      0x4a3 F:/Programs2/7.0/Packs/atmel/ATmega_DFP/1.6.364/gcc/dev/atmega32/avr5/crtatmega32.o
 .debug_abbrev  0x000004a3      0x11c FreeRTOS/src/heap_1.o
 .debug_abbrev  0x000005bf       0xf8 FreeRTOS/src/list.o
 .debug_abbrev  0x000006b7      0x143 FreeRTOS/src/port.o
 .debug_abbrev  0x000007fa      0x221 FreeRTOS/src/queue.o
 .debug_abbrev  0x00000a1b      0x282 FreeRTOS/src/tasks.o
 .debug_abbrev  0x00000c9d      0x167 main.o
 .debug_abbrev  0x00000e04       0x6a MCAL/DIO_Lcfg.o
 .debug_abbrev  0x00000e6e      0x150 MCAL/DIO_Program.o
 .debug_abbrev  0x00000fbe      0x124 MCAL/UART_Program.o

.debug_line     0x00000000     0x26c7
 *(.debug_line .debug_line.* .debug_line_end)
 .debug_line    0x00000000      0x116 F:/Programs2/7.0/Packs/atmel/ATmega_DFP/1.6.364/gcc/dev/atmega32/avr5/crtatmega32.o
 .debug_line    0x00000116      0x18c FreeRTOS/src/heap_1.o
 .debug_line    0x000002a2      0x1cf FreeRTOS/src/list.o
 .debug_line    0x00000471      0x2a1 FreeRTOS/src/port.o
 .debug_line    0x00000712      0xa15 FreeRTOS/src/queue.o
 .debug_line    0x00001127      0xb07 FreeRTOS/src/tasks.o
 .debug_line    0x00001c2e      0x428 main.o
 .debug_line    0x00002056       0x43 MCAL/DIO_Lcfg.o
 .debug_line    0x00002099      0x430 MCAL/DIO_Program.o
 .debug_line    0x000024c9      0x1fe MCAL/UART_Program.o

.debug_frame    0x00000000      0xa98
 *(.debug_frame)
 .debug_frame   0x00000000       0x60 FreeRTOS/src/heap_1.o
 .debug_frame   0x00000060       0x88 FreeRTOS/src/list.o
 .debug_frame   0x000000e8       0x84 FreeRTOS/src/port.o
 .debug_frame   0x0000016c      0x2cc FreeRTOS/src/queue.o
 .debug_frame   0x00000438      0x3cc FreeRTOS/src/tasks.o
 .debug_frame   0x00000804       0x64 main.o
 .debug_frame   0x00000868       0xac MCAL/DIO_Program.o
 .debug_frame   0x00000914      0x184 MCAL/UART_Program.o

.debug_str      0x00000000     0x14e4
 *(.debug_str)
 .debug_str     0x00000000      0x196 F:/Programs2/7.0/Packs/atmel/ATmega_DFP/1.6.364/gcc/dev/atmega32/avr5/crtatmega32.o
 .debug_str     0x00000196      0x206 FreeRTOS/src/heap_1.o
                                0x23f (size before relaxing)
 .debug_str     0x0000039c      0x154 FreeRTOS/src/list.o
                                0x2c5 (size before relaxing)
 .debug_str     0x000004f0      0x123 FreeRTOS/src/port.o
                                0x2c7 (size before relaxing)
 .debug_str     0x00000613      0x4e4 FreeRTOS/src/queue.o
                                0x7ad (size before relaxing)
 .debug_str     0x00000af7      0x52d FreeRTOS/src/tasks.o
                                0x9c8 (size before relaxing)
 .debug_str     0x00001024      0x23e main.o
                                0x40c (size before relaxing)
 .debug_str     0x00001262       0x4d MCAL/DIO_Lcfg.o
                                0x2be (size before relaxing)
 .debug_str     0x000012af       0xca MCAL/DIO_Program.o
                                0x3c4 (size before relaxing)
 .debug_str     0x00001379      0x16b MCAL/UART_Program.o
                                0x300 (size before relaxing)

.debug_loc      0x00000000     0x3c62
 *(.debug_loc)
 .debug_loc     0x00000000       0xf1 FreeRTOS/src/heap_1.o
 .debug_loc     0x000000f1      0x145 FreeRTOS/src/list.o
 .debug_loc     0x00000236      0x2a0 FreeRTOS/src/port.o
 .debug_loc     0x000004d6     0x17a4 FreeRTOS/src/queue.o
 .debug_loc     0x00001c7a     0x12ba FreeRTOS/src/tasks.o
 .debug_loc     0x00002f34      0xad9 MCAL/DIO_Program.o
 .debug_loc     0x00003a0d      0x255 MCAL/UART_Program.o

.debug_macinfo
 *(.debug_macinfo)

.debug_weaknames
 *(.debug_weaknames)

.debug_funcnames
 *(.debug_funcnames)

.debug_typenames
 *(.debug_typenames)

.debug_varnames
 *(.debug_varnames)

.debug_pubtypes
 *(.debug_pubtypes)

.debug_ranges   0x00000000      0x378
 *(.debug_ranges)
 .debug_ranges  0x00000000       0x28 FreeRTOS/src/heap_1.o
 .debug_ranges  0x00000028       0x30 FreeRTOS/src/list.o
 .debug_ranges  0x00000058       0x40 FreeRTOS/src/port.o
 .debug_ranges  0x00000098       0xc0 FreeRTOS/src/queue.o
 .debug_ranges  0x00000158      0x128 FreeRTOS/src/tasks.o
 .debug_ranges  0x00000280       0x30 main.o
 .debug_ranges  0x000002b0       0x50 MCAL/DIO_Program.o
 .debug_ranges  0x00000300       0x78 MCAL/UART_Program.o

.debug_macro
 *(.debug_macro)
OUTPUT(FreeRTOS_1.elf elf32-avr)
LOAD linker stubs
